Archive member included because of file (symbol)

C:\Users\tbsou\Documents\LPCXpresso_6.1.4_194\workspace\Lib_CMSISv1p30_LPC17xx\Debug\libLib_CMSISv1p30_LPC17xx.a(system_LPC17xx.o)
                              ./main.o (SystemCoreClock)
C:\Users\tbsou\Documents\LPCXpresso_6.1.4_194\workspace\Lib_EaBaseBoard\Debug\libLib_EaBaseBoard.a(led7seg.o)
                              ./main.o (led7seg_init)
C:\Users\tbsou\Documents\LPCXpresso_6.1.4_194\workspace\Lib_EaBaseBoard\Debug\libLib_EaBaseBoard.a(oled.o)
                              ./main.o (oled_init)
C:\Users\tbsou\Documents\LPCXpresso_6.1.4_194\workspace\Lib_EaBaseBoard\Debug\libLib_EaBaseBoard.a(temp.o)
                              ./main.o (temp_init)
C:\Users\tbsou\Documents\LPCXpresso_6.1.4_194\workspace\Lib_EaBaseBoard\Debug\libLib_EaBaseBoard.a(uart2.o)
                              ./main.o (uart2_init)
C:\Users\tbsou\Documents\LPCXpresso_6.1.4_194\workspace\Lib_EaBaseBoard\Debug\libLib_EaBaseBoard.a(font5x7.o)
                              C:\Users\tbsou\Documents\LPCXpresso_6.1.4_194\workspace\Lib_EaBaseBoard\Debug\libLib_EaBaseBoard.a(oled.o) (font5x7)
C:\Users\tbsou\Documents\LPCXpresso_6.1.4_194\workspace\Lib_MCU\Debug\libLib_MCU.a(lpc17xx_adc.o)
                              ./main.o (ADC_Init)
C:\Users\tbsou\Documents\LPCXpresso_6.1.4_194\workspace\Lib_MCU\Debug\libLib_MCU.a(lpc17xx_clkpwr.o)
                              C:\Users\tbsou\Documents\LPCXpresso_6.1.4_194\workspace\Lib_MCU\Debug\libLib_MCU.a(lpc17xx_adc.o) (CLKPWR_GetPCLK)
C:\Users\tbsou\Documents\LPCXpresso_6.1.4_194\workspace\Lib_MCU\Debug\libLib_MCU.a(lpc17xx_gpio.o)
                              C:\Users\tbsou\Documents\LPCXpresso_6.1.4_194\workspace\Lib_EaBaseBoard\Debug\libLib_EaBaseBoard.a(led7seg.o) (GPIO_SetDir)
C:\Users\tbsou\Documents\LPCXpresso_6.1.4_194\workspace\Lib_MCU\Debug\libLib_MCU.a(lpc17xx_i2c.o)
                              ./main.o (I2C_Init)
C:\Users\tbsou\Documents\LPCXpresso_6.1.4_194\workspace\Lib_MCU\Debug\libLib_MCU.a(lpc17xx_libcfg_default.o)
                              C:\Users\tbsou\Documents\LPCXpresso_6.1.4_194\workspace\Lib_MCU\Debug\libLib_MCU.a(lpc17xx_adc.o) (check_failed)
C:\Users\tbsou\Documents\LPCXpresso_6.1.4_194\workspace\Lib_MCU\Debug\libLib_MCU.a(lpc17xx_pinsel.o)
                              ./main.o (PINSEL_ConfigPin)
C:\Users\tbsou\Documents\LPCXpresso_6.1.4_194\workspace\Lib_MCU\Debug\libLib_MCU.a(lpc17xx_ssp.o)
                              ./main.o (SSP_Init)
C:\Users\tbsou\Documents\LPCXpresso_6.1.4_194\workspace\Lib_MCU\Debug\libLib_MCU.a(lpc17xx_uart.o)
                              ./main.o (UART_TxCmd)
C:\Users\tbsou\Documents\LPCXpresso_6.1.4_194\workspace\FreeRTOS_Library\Debug\libFreeRTOS_Library.a(port.o)
                              ./cr_startup_lpc17.o (vPortSVCHandler)
C:\Users\tbsou\Documents\LPCXpresso_6.1.4_194\workspace\FreeRTOS_Library\Debug\libFreeRTOS_Library.a(basic_io.o)
                              ./main.o (vPrintString)
C:\Users\tbsou\Documents\LPCXpresso_6.1.4_194\workspace\FreeRTOS_Library\Debug\libFreeRTOS_Library.a(consoleprint.o)
                              C:\Users\tbsou\Documents\LPCXpresso_6.1.4_194\workspace\FreeRTOS_Library\Debug\libFreeRTOS_Library.a(basic_io.o) (consoleprint)
C:\Users\tbsou\Documents\LPCXpresso_6.1.4_194\workspace\FreeRTOS_Library\Debug\libFreeRTOS_Library.a(queue.o)
                              ./main.o (xQueueCreate)
C:\Users\tbsou\Documents\LPCXpresso_6.1.4_194\workspace\FreeRTOS_Library\Debug\libFreeRTOS_Library.a(tasks.o)
                              ./main.o (xTaskGenericCreate)
C:\Users\tbsou\Documents\LPCXpresso_6.1.4_194\workspace\FreeRTOS_Library\Debug\libFreeRTOS_Library.a(heap_2.o)
                              C:\Users\tbsou\Documents\LPCXpresso_6.1.4_194\workspace\FreeRTOS_Library\Debug\libFreeRTOS_Library.a(queue.o) (pvPortMalloc)
C:\Users\tbsou\Documents\LPCXpresso_6.1.4_194\workspace\FreeRTOS_Library\Debug\libFreeRTOS_Library.a(list.o)
                              C:\Users\tbsou\Documents\LPCXpresso_6.1.4_194\workspace\FreeRTOS_Library\Debug\libFreeRTOS_Library.a(queue.o) (vListInitialise)
c:/nxp/lpcxpresso_6.1.4_194/lpcxpresso/tools/bin/../lib/gcc/arm-none-eabi/4.6.2/../../../../arm-none-eabi/lib/armv7-m\libcr_semihost.a(__sys_write.o)
                              C:\Users\tbsou\Documents\LPCXpresso_6.1.4_194\workspace\FreeRTOS_Library\Debug\libFreeRTOS_Library.a(consoleprint.o) (__write)
c:/nxp/lpcxpresso_6.1.4_194/lpcxpresso/tools/bin/../lib/gcc/arm-none-eabi/4.6.2/../../../../arm-none-eabi/lib/armv7-m\libcr_semihost.a(_cr__main.o)
                              ./cr_startup_lpc17.o (__main)
c:/nxp/lpcxpresso_6.1.4_194/lpcxpresso/tools/bin/../lib/gcc/arm-none-eabi/4.6.2/../../../../arm-none-eabi/lib/armv7-m\libcr_c.a(memcpy.o)
                              C:\Users\tbsou\Documents\LPCXpresso_6.1.4_194\workspace\FreeRTOS_Library\Debug\libFreeRTOS_Library.a(queue.o) (memcpy)
[...]
Memory Configuration

Name             Origin             Length             Attributes
MFlash512        0x00000000         0x00080000         xr
RamLoc32         0x10000000         0x00008000         xrw
RamAHB32         0x2007c000         0x00008000         xrw
*default*        0x00000000         0xffffffff

Linker script and memory map

LOAD ./cr_startup_lpc17.o
LOAD ./main.o
LOAD C:\Users\tbsou\Documents\LPCXpresso_6.1.4_194\workspace\Lib_CMSISv1p30_LPC17xx\Debug\libLib_CMSISv1p30_LPC17xx.a
LOAD C:\Users\tbsou\Documents\LPCXpresso_6.1.4_194\workspace\Lib_EaBaseBoard\Debug\libLib_EaBaseBoard.a
LOAD C:\Users\tbsou\Documents\LPCXpresso_6.1.4_194\workspace\Lib_MCU\Debug\libLib_MCU.a
LOAD C:\Users\tbsou\Documents\LPCXpresso_6.1.4_194\workspace\FreeRTOS_Library\Debug\libFreeRTOS_Library.a
LOAD C:\Users\tbsou\Documents\LPCXpresso_6.1.4_194\workspace\CMSISv1p30_LPC17xx\Debug\libCMSISv1p30_LPC17xx.a
START GROUP
LOAD c:/nxp/lpcxpresso_6.1.4_194/lpcxpresso/tools/bin/../lib/gcc/arm-none-eabi/4.6.2/../../../../arm-none-eabi/lib/armv7-m\libcr_semihost.a
LOAD c:/nxp/lpcxpresso_6.1.4_194/lpcxpresso/tools/bin/../lib/gcc/arm-none-eabi/4.6.2/../../../../arm-none-eabi/lib/armv7-m\libcr_c.a
LOAD c:/nxp/lpcxpresso_6.1.4_194/lpcxpresso/tools/bin/../lib/gcc/arm-none-eabi/4.6.2/armv7-m\libcr_eabihelpers.a
END GROUP
                0x00080000                __top_MFlash512 = 0x80000
                0x10008000                __top_RamLoc32 = 0x10008000
                0x20084000                __top_RamAHB32 = 0x20084000

.text           0x00000000     0x8370
 FILL mask 0xff
                0x00000000                __vectors_start__ = ABSOLUTE (.)
 *(.isr_vector)
 .isr_vector    0x00000000       0xcc ./cr_startup_lpc17.o
                0x00000000                g_pfnVectors
                0x000000cc                . = ALIGN (0x4)
                0x000000cc                __section_table_start = .
                0x000000cc                __data_section_table = .
                0x000000cc        0x4 LONG 0x8370 LOADADDR (.data)
                0x000000d0        0x4 LONG 0x10000000 ADDR (.data)
                0x000000d4        0x4 LONG 0x60 SIZEOF (.data)
                0x000000d8        0x4 LONG 0x8370 LOADADDR (.data_RAM2)
                0x000000dc        0x4 LONG 0x2007c000 ADDR (.data_RAM2)
                0x000000e0        0x4 LONG 0x0 SIZEOF (.data_RAM2)
                0x000000e4                __data_section_table_end = .
                0x000000e4                __bss_section_table = .
                0x000000e4        0x4 LONG 0x10000060 ADDR (.bss)
                0x000000e8        0x4 LONG 0x2df4 SIZEOF (.bss)
                0x000000ec        0x4 LONG 0x2007c000 ADDR (.bss_RAM2)
                0x000000f0        0x4 LONG 0x0 SIZEOF (.bss_RAM2)
                0x000000f4                __bss_section_table_end = .
                0x000000f4                __section_table_end = .
 *(.after_vectors*)
 *(.text*)
 .text.ResetISR
                0x000000f4       0x68 ./cr_startup_lpc17.o
                0x000000f4                ResetISR
 .text.NMI_Handler
                0x0000015c        0x8 ./cr_startup_lpc17.o
                0x0000015c                NMI_Handler
 .text.HardFault_Handler
                0x00000164        0x8 ./cr_startup_lpc17.o
                0x00000164                HardFault_Handler
 .text.MemManage_Handler
                0x0000016c        0x8 ./cr_startup_lpc17.o
                0x0000016c                MemManage_Handler
 .text.BusFault_Handler
                0x00000174        0x8 ./cr_startup_lpc17.o
                0x00000174                BusFault_Handler
 .text.UsageFault_Handler
                0x0000017c        0x8 ./cr_startup_lpc17.o
                0x0000017c                UsageFault_Handler
 .text.DebugMon_Handler
                0x00000184        0x8 ./cr_startup_lpc17.o
                0x00000184                DebugMon_Handler
 .text.IntDefaultHandler
                0x0000018c        0x8 ./cr_startup_lpc17.o
                0x0000018c                TIMER2_IRQHandler
                0x0000018c                RIT_IRQHandler
                0x0000018c                I2C0_IRQHandler
                0x0000018c                USBActivity_IRQHandler
                0x0000018c                PWM1_IRQHandler
                0x0000018c                I2C1_IRQHandler
                0x0000018c                EINT2_IRQHandler
                0x0000018c                UART1_IRQHandler
                0x0000018c                EINT3_IRQHandler
                0x0000018c                CANActivity_IRQHandler
                0x0000018c                TIMER3_IRQHandler
                0x0000018c                UART0_IRQHandler
                0x0000018c                IntDefaultHandler
                0x0000018c                PLL0_IRQHandler
                0x0000018c                CAN_IRQHandler
                0x0000018c                PLL1_IRQHandler
                0x0000018c                SSP0_IRQHandler
                0x0000018c                I2S_IRQHandler
                0x0000018c                I2C2_IRQHandler
                0x0000018c                RTC_IRQHandler
                0x0000018c                TIMER0_IRQHandler
                0x0000018c                SPI_IRQHandler
                0x0000018c                EINT1_IRQHandler
                0x0000018c                TIMER1_IRQHandler
                0x0000018c                UART2_IRQHandler
                0x0000018c                ADC_IRQHandler
                0x0000018c                SSP1_IRQHandler
                0x0000018c                USB_IRQHandler
                0x0000018c                BOD_IRQHandler
                0x0000018c                WDT_IRQHandler
                0x0000018c                QEI_IRQHandler
                0x0000018c                EINT0_IRQHandler
                0x0000018c                DMA_IRQHandler
                0x0000018c                UART3_IRQHandler
                0x0000018c                MCPWM_IRQHandler
                0x0000018c                ENET_IRQHandler
 .text.NVIC_SetPriority
                0x00000194       0x5c ./main.o
 .text.SysTick_Config
                0x000001f0       0x64 ./main.o
 .text.init_uart
                0x00000254       0x74 ./main.o
 .text.init_ssp
                0x000002c8       0x98 ./main.o
 .text.init_i2c
                0x00000360       0x5c ./main.o
 .text.init_adc
                0x000003bc       0x70 ./main.o
 .text.initSensor
                0x0000042c       0x34 ./main.o
                0x0000042c                initSensor
 .text.setup_oled
                0x00000460       0x50 ./main.o
                0x00000460                setup_oled
 .text.setup_7seg
                0x000004b0       0x14 ./main.o
                0x000004b0                setup_7seg
 .text.initAll  0x000004c4       0x34 ./main.o
                0x000004c4                initAll
 .text.main     0x000004f8      0x148 ./main.o
                0x000004f8                main
 .text.taskSensor
                0x00000640       0xcc ./main.o
                0x00000640                taskSensor
 .text.taskValve
                0x0000070c      0x150 ./main.o
                0x0000070c                taskValve
 .text.taskUART
                0x0000085c       0xdc ./main.o
                0x0000085c                taskUART
 .text.taskMode
                0x00000938      0x114 ./main.o
                0x00000938                taskMode
 .text.vApplicationMallocFailedHook
                0x00000a4c        0x8 ./main.o
                0x00000a4c                vApplicationMallocFailedHook
 .text.vApplicationStackOverflowHook
                0x00000a54        0xc ./main.o
                0x00000a54                vApplicationStackOverflowHook
 .text.vApplicationIdleHook
                0x00000a60        0xc ./main.o
                0x00000a60                vApplicationIdleHook
 .text.vApplicationTickHook
                0x00000a6c        0xc ./main.o
                0x00000a6c                vApplicationTickHook
 .text.SystemInit
                0x00000a78      0x22c C:\Users\tbsou\Documents\LPCXpresso_6.1.4_194\workspace\Lib_CMSISv1p30_LPC17xx\Debug\libLib_CMSISv1p30_LPC17xx.a(system_LPC17xx.o)
                0x00000a78                SystemInit
 .text.led7seg_init
                0x00000ca4       0x24 C:\Users\tbsou\Documents\LPCXpresso_6.1.4_194\workspace\Lib_EaBaseBoard\Debug\libLib_EaBaseBoard.a(led7seg.o)
                0x00000ca4                led7seg_init
 .text.led7seg_setChar
                0x00000cc8       0x88 C:\Users\tbsou\Documents\LPCXpresso_6.1.4_194\workspace\Lib_EaBaseBoard\Debug\libLib_EaBaseBoard.a(led7seg.o)
                0x00000cc8                led7seg_setChar
 .text.writeCommand
                0x00000d50       0x60 C:\Users\tbsou\Documents\LPCXpresso_6.1.4_194\workspace\Lib_EaBaseBoard\Debug\libLib_EaBaseBoard.a(oled.o)
 .text.writeData
                0x00000db0       0x60 C:\Users\tbsou\Documents\LPCXpresso_6.1.4_194\workspace\Lib_EaBaseBoard\Debug\libLib_EaBaseBoard.a(oled.o)
 .text.writeDataLen
                0x00000e10       0x8c C:\Users\tbsou\Documents\LPCXpresso_6.1.4_194\workspace\Lib_EaBaseBoard\Debug\libLib_EaBaseBoard.a(oled.o)
 .text.runInitSequence
                0x00000e9c      0x118 C:\Users\tbsou\Documents\LPCXpresso_6.1.4_194\workspace\Lib_EaBaseBoard\Debug\libLib_EaBaseBoard.a(oled.o)
 .text.oled_init
                0x00000fb4       0x9c C:\Users\tbsou\Documents\LPCXpresso_6.1.4_194\workspace\Lib_EaBaseBoard\Debug\libLib_EaBaseBoard.a(oled.o)
                0x00000fb4                oled_init
 .text.oled_putPixel
                0x00001050      0x188 C:\Users\tbsou\Documents\LPCXpresso_6.1.4_194\workspace\Lib_EaBaseBoard\Debug\libLib_EaBaseBoard.a(oled.o)
                0x00001050                oled_putPixel
 .text.oled_clearScreen
                0x000011d8       0x74 C:\Users\tbsou\Documents\LPCXpresso_6.1.4_194\workspace\Lib_EaBaseBoard\Debug\libLib_EaBaseBoard.a(oled.o)
                0x000011d8                oled_clearScreen
 .text.oled_putChar
                0x0000124c       0xf0 C:\Users\tbsou\Documents\LPCXpresso_6.1.4_194\workspace\Lib_EaBaseBoard\Debug\libLib_EaBaseBoard.a(oled.o)
                0x0000124c                oled_putChar
 .text.oled_putString
                0x0000133c       0x54 C:\Users\tbsou\Documents\LPCXpresso_6.1.4_194\workspace\Lib_EaBaseBoard\Debug\libLib_EaBaseBoard.a(oled.o)
                0x0000133c                oled_putString
 .text.temp_init
                0x00001390       0x2c C:\Users\tbsou\Documents\LPCXpresso_6.1.4_194\workspace\Lib_EaBaseBoard\Debug\libLib_EaBaseBoard.a(temp.o)
                0x00001390                temp_init
 .text.temp_read
                0x000013bc      0x10c C:\Users\tbsou\Documents\LPCXpresso_6.1.4_194\workspace\Lib_EaBaseBoard\Debug\libLib_EaBaseBoard.a(temp.o)
                0x000013bc                temp_read
 .text.I2CWrite
                0x000014c8       0x5c C:\Users\tbsou\Documents\LPCXpresso_6.1.4_194\workspace\Lib_EaBaseBoard\Debug\libLib_EaBaseBoard.a(uart2.o)
 .text.writeReg
                0x00001524       0x54 C:\Users\tbsou\Documents\LPCXpresso_6.1.4_194\workspace\Lib_EaBaseBoard\Debug\libLib_EaBaseBoard.a(uart2.o)
 .text.uart2_init
                0x00001578       0x68 C:\Users\tbsou\Documents\LPCXpresso_6.1.4_194\workspace\Lib_EaBaseBoard\Debug\libLib_EaBaseBoard.a(uart2.o)
                0x00001578                uart2_init
 .text.uart2_setBaudRate
                0x000015e0       0x70 C:\Users\tbsou\Documents\LPCXpresso_6.1.4_194\workspace\Lib_EaBaseBoard\Debug\libLib_EaBaseBoard.a(uart2.o)
                0x000015e0                uart2_setBaudRate
 .text.ADC_Init
                0x00001650       0x94 C:\Users\tbsou\Documents\LPCXpresso_6.1.4_194\workspace\Lib_MCU\Debug\libLib_MCU.a(lpc17xx_adc.o)
                0x00001650                ADC_Init
 .text.ADC_StartCmd
                0x000016e4       0x90 C:\Users\tbsou\Documents\LPCXpresso_6.1.4_194\workspace\Lib_MCU\Debug\libLib_MCU.a(lpc17xx_adc.o)
                0x000016e4                ADC_StartCmd
 .text.ADC_IntConfig
                0x00001774       0xb4 C:\Users\tbsou\Documents\LPCXpresso_6.1.4_194\workspace\Lib_MCU\Debug\libLib_MCU.a(lpc17xx_adc.o)
                0x00001774                ADC_IntConfig
 .text.ADC_ChannelCmd
                0x00001828       0x70 C:\Users\tbsou\Documents\LPCXpresso_6.1.4_194\workspace\Lib_MCU\Debug\libLib_MCU.a(lpc17xx_adc.o)
                0x00001828                ADC_ChannelCmd
 .text.ADC_ChannelGetData
                0x00001898       0x58 C:\Users\tbsou\Documents\LPCXpresso_6.1.4_194\workspace\Lib_MCU\Debug\libLib_MCU.a(lpc17xx_adc.o)
                0x00001898                ADC_ChannelGetData
 .text.ADC_ChannelGetStatus
                0x000018f0       0x8c C:\Users\tbsou\Documents\LPCXpresso_6.1.4_194\workspace\Lib_MCU\Debug\libLib_MCU.a(lpc17xx_adc.o)
                0x000018f0                ADC_ChannelGetStatus
 .text.CLKPWR_SetPCLKDiv
                0x0000197c       0xcc C:\Users\tbsou\Documents\LPCXpresso_6.1.4_194\workspace\Lib_MCU\Debug\libLib_MCU.a(lpc17xx_clkpwr.o)
                0x0000197c                CLKPWR_SetPCLKDiv
 .text.CLKPWR_GetPCLKSEL
                0x00001a48       0x54 C:\Users\tbsou\Documents\LPCXpresso_6.1.4_194\workspace\Lib_MCU\Debug\libLib_MCU.a(lpc17xx_clkpwr.o)
                0x00001a48                CLKPWR_GetPCLKSEL
 .text.CLKPWR_GetPCLK
                0x00001a9c       0x74 C:\Users\tbsou\Documents\LPCXpresso_6.1.4_194\workspace\Lib_MCU\Debug\libLib_MCU.a(lpc17xx_clkpwr.o)
                0x00001a9c                CLKPWR_GetPCLK
 .text.CLKPWR_ConfigPPWR
                0x00001b10       0x78 C:\Users\tbsou\Documents\LPCXpresso_6.1.4_194\workspace\Lib_MCU\Debug\libLib_MCU.a(lpc17xx_clkpwr.o)
                0x00001b10                CLKPWR_ConfigPPWR
 .text.GPIO_GetPointer
                0x00001b88       0x7c C:\Users\tbsou\Documents\LPCXpresso_6.1.4_194\workspace\Lib_MCU\Debug\libLib_MCU.a(lpc17xx_gpio.o)
 .text.GPIO_SetDir
                0x00001c04       0x54 C:\Users\tbsou\Documents\LPCXpresso_6.1.4_194\workspace\Lib_MCU\Debug\libLib_MCU.a(lpc17xx_gpio.o)
                0x00001c04                GPIO_SetDir
 .text.GPIO_SetValue
                0x00001c58       0x2c C:\Users\tbsou\Documents\LPCXpresso_6.1.4_194\workspace\Lib_MCU\Debug\libLib_MCU.a(lpc17xx_gpio.o)
                0x00001c58                GPIO_SetValue
 .text.GPIO_ClearValue
                0x00001c84       0x2c C:\Users\tbsou\Documents\LPCXpresso_6.1.4_194\workspace\Lib_MCU\Debug\libLib_MCU.a(lpc17xx_gpio.o)
                0x00001c84                GPIO_ClearValue
 .text.GPIO_ReadValue
                0x00001cb0       0x30 C:\Users\tbsou\Documents\LPCXpresso_6.1.4_194\workspace\Lib_MCU\Debug\libLib_MCU.a(lpc17xx_gpio.o)
                0x00001cb0                GPIO_ReadValue
 .text.NVIC_EnableIRQ
                0x00001ce0       0x38 C:\Users\tbsou\Documents\LPCXpresso_6.1.4_194\workspace\Lib_MCU\Debug\libLib_MCU.a(lpc17xx_i2c.o)
 .text.NVIC_DisableIRQ
                0x00001d18       0x3c C:\Users\tbsou\Documents\LPCXpresso_6.1.4_194\workspace\Lib_MCU\Debug\libLib_MCU.a(lpc17xx_i2c.o)
 .text.I2C_getNum
                0x00001d54       0x54 C:\Users\tbsou\Documents\LPCXpresso_6.1.4_194\workspace\Lib_MCU\Debug\libLib_MCU.a(lpc17xx_i2c.o)
 .text.I2C_Start
                0x00001da8       0x44 C:\Users\tbsou\Documents\LPCXpresso_6.1.4_194\workspace\Lib_MCU\Debug\libLib_MCU.a(lpc17xx_i2c.o)
 .text.I2C_Stop
                0x00001dec       0x38 C:\Users\tbsou\Documents\LPCXpresso_6.1.4_194\workspace\Lib_MCU\Debug\libLib_MCU.a(lpc17xx_i2c.o)
 .text.I2C_SendByte
                0x00001e24       0x50 C:\Users\tbsou\Documents\LPCXpresso_6.1.4_194\workspace\Lib_MCU\Debug\libLib_MCU.a(lpc17xx_i2c.o)
 .text.I2C_GetByte
                0x00001e74       0x5c C:\Users\tbsou\Documents\LPCXpresso_6.1.4_194\workspace\Lib_MCU\Debug\libLib_MCU.a(lpc17xx_i2c.o)
 .text.I2C_IntCmd
                0x00001ed0       0xa8 C:\Users\tbsou\Documents\LPCXpresso_6.1.4_194\workspace\Lib_MCU\Debug\libLib_MCU.a(lpc17xx_i2c.o)
                0x00001ed0                I2C_IntCmd
 .text.I2C_MasterHandler
                0x00001f78      0x408 C:\Users\tbsou\Documents\LPCXpresso_6.1.4_194\workspace\Lib_MCU\Debug\libLib_MCU.a(lpc17xx_i2c.o)
                0x00001f78                I2C_MasterHandler
 .text.I2C_SetClock
                0x00002380       0xc8 C:\Users\tbsou\Documents\LPCXpresso_6.1.4_194\workspace\Lib_MCU\Debug\libLib_MCU.a(lpc17xx_i2c.o)
                0x00002380                I2C_SetClock
 .text.I2C_Init
                0x00002448       0xd8 C:\Users\tbsou\Documents\LPCXpresso_6.1.4_194\workspace\Lib_MCU\Debug\libLib_MCU.a(lpc17xx_i2c.o)
                0x00002448                I2C_Init
 .text.I2C_Cmd  0x00002520       0x84 C:\Users\tbsou\Documents\LPCXpresso_6.1.4_194\workspace\Lib_MCU\Debug\libLib_MCU.a(lpc17xx_i2c.o)
                0x00002520                I2C_Cmd
 .text.I2C_MasterTransferData
                0x000025a4      0x390 C:\Users\tbsou\Documents\LPCXpresso_6.1.4_194\workspace\Lib_MCU\Debug\libLib_MCU.a(lpc17xx_i2c.o)
                0x000025a4                I2C_MasterTransferData
 .text.check_failed
                0x00002934        0xc C:\Users\tbsou\Documents\LPCXpresso_6.1.4_194\workspace\Lib_MCU\Debug\libLib_MCU.a(lpc17xx_libcfg_default.o)
                0x00002934                check_failed
 .text.PINSEL_SetPinFunc
                0x00002940       0x9c C:\Users\tbsou\Documents\LPCXpresso_6.1.4_194\workspace\Lib_MCU\Debug\libLib_MCU.a(lpc17xx_pinsel.o)
                0x00002940                PINSEL_SetPinFunc
 .text.PINSEL_SetResistorMode
                0x000029dc       0x9c C:\Users\tbsou\Documents\LPCXpresso_6.1.4_194\workspace\Lib_MCU\Debug\libLib_MCU.a(lpc17xx_pinsel.o)
                0x000029dc                PINSEL_SetResistorMode
 .text.PINSEL_SetOpenDrainMode
                0x00002a78       0x7c C:\Users\tbsou\Documents\LPCXpresso_6.1.4_194\workspace\Lib_MCU\Debug\libLib_MCU.a(lpc17xx_pinsel.o)
                0x00002a78                PINSEL_SetOpenDrainMode
 .text.PINSEL_ConfigPin
                0x00002af4       0x54 C:\Users\tbsou\Documents\LPCXpresso_6.1.4_194\workspace\Lib_MCU\Debug\libLib_MCU.a(lpc17xx_pinsel.o)
                0x00002af4                PINSEL_ConfigPin
 .text.SSP_getNum
                0x00002b48       0x40 C:\Users\tbsou\Documents\LPCXpresso_6.1.4_194\workspace\Lib_MCU\Debug\libLib_MCU.a(lpc17xx_ssp.o)
 .text.SSP_IntHandler
                0x00002b88      0x338 C:\Users\tbsou\Documents\LPCXpresso_6.1.4_194\workspace\Lib_MCU\Debug\libLib_MCU.a(lpc17xx_ssp.o)
                0x00002b88                SSP_IntHandler
 .text.SSP_SetClock
                0x00002ec0       0xf8 C:\Users\tbsou\Documents\LPCXpresso_6.1.4_194\workspace\Lib_MCU\Debug\libLib_MCU.a(lpc17xx_ssp.o)
                0x00002ec0                SSP_SetClock
 .text.SSP_Init
                0x00002fb8      0x10c C:\Users\tbsou\Documents\LPCXpresso_6.1.4_194\workspace\Lib_MCU\Debug\libLib_MCU.a(lpc17xx_ssp.o)
                0x00002fb8                SSP_Init
 .text.SSP_ConfigStructInit
                0x000030c4       0x48 C:\Users\tbsou\Documents\LPCXpresso_6.1.4_194\workspace\Lib_MCU\Debug\libLib_MCU.a(lpc17xx_ssp.o)
                0x000030c4                SSP_ConfigStructInit
 .text.SSP_Cmd  0x0000310c       0x7c C:\Users\tbsou\Documents\LPCXpresso_6.1.4_194\workspace\Lib_MCU\Debug\libLib_MCU.a(lpc17xx_ssp.o)
                0x0000310c                SSP_Cmd
 .text.SSP_SendData
                0x00003188       0x48 C:\Users\tbsou\Documents\LPCXpresso_6.1.4_194\workspace\Lib_MCU\Debug\libLib_MCU.a(lpc17xx_ssp.o)
                0x00003188                SSP_SendData
 .text.SSP_ReceiveData
                0x000031d0       0x44 C:\Users\tbsou\Documents\LPCXpresso_6.1.4_194\workspace\Lib_MCU\Debug\libLib_MCU.a(lpc17xx_ssp.o)
                0x000031d0                SSP_ReceiveData
 .text.SSP_ReadWrite
                0x00003214      0x440 C:\Users\tbsou\Documents\LPCXpresso_6.1.4_194\workspace\Lib_MCU\Debug\libLib_MCU.a(lpc17xx_ssp.o)
                0x00003214                SSP_ReadWrite
 .text.uart_set_divisors
                0x00003654      0x26c C:\Users\tbsou\Documents\LPCXpresso_6.1.4_194\workspace\Lib_MCU\Debug\libLib_MCU.a(lpc17xx_uart.o)
                0x00003654                uart_set_divisors
 .text.UART_Init
                0x000038c0      0x368 C:\Users\tbsou\Documents\LPCXpresso_6.1.4_194\workspace\Lib_MCU\Debug\libLib_MCU.a(lpc17xx_uart.o)
                0x000038c0                UART_Init
 .text.UART_SendData
                0x00003c28       0x78 C:\Users\tbsou\Documents\LPCXpresso_6.1.4_194\workspace\Lib_MCU\Debug\libLib_MCU.a(lpc17xx_uart.o)
                0x00003c28                UART_SendData
 .text.UART_ReceiveData
                0x00003ca0       0x78 C:\Users\tbsou\Documents\LPCXpresso_6.1.4_194\workspace\Lib_MCU\Debug\libLib_MCU.a(lpc17xx_uart.o)
                0x00003ca0                UART_ReceiveData
 .text.UART_TxCmd
                0x00003d18       0xe8 C:\Users\tbsou\Documents\LPCXpresso_6.1.4_194\workspace\Lib_MCU\Debug\libLib_MCU.a(lpc17xx_uart.o)
                0x00003d18                UART_TxCmd
 .text.UART_Send
                0x00003e00      0x10c C:\Users\tbsou\Documents\LPCXpresso_6.1.4_194\workspace\Lib_MCU\Debug\libLib_MCU.a(lpc17xx_uart.o)
                0x00003e00                UART_Send
 .text.UART_SendString
                0x00003f0c       0x2c C:\Users\tbsou\Documents\LPCXpresso_6.1.4_194\workspace\Lib_MCU\Debug\libLib_MCU.a(lpc17xx_uart.o)
                0x00003f0c                UART_SendString
 .text.UART_Receive
                0x00003f38       0xd8 C:\Users\tbsou\Documents\LPCXpresso_6.1.4_194\workspace\Lib_MCU\Debug\libLib_MCU.a(lpc17xx_uart.o)
                0x00003f38                UART_Receive
 .text          0x00004010      0x154 C:\Users\tbsou\Documents\LPCXpresso_6.1.4_194\workspace\FreeRTOS_Library\Debug\libFreeRTOS_Library.a(port.o)
                0x00004010                pxPortInitialiseStack
                0x00004030                vPortSVCHandler
                0x00004050                vPortStartFirstTask
                0x00004060                xPortStartScheduler
                0x000040b0                vPortEndScheduler
                0x000040b4                vPortYieldFromISR
                0x000040c4                vPortEnterCritical
                0x000040e0                vPortExitCritical
                0x000040fc                xPortPendSVHandler
                0x00004138                xPortSysTickHandler
 .text          0x00004164       0x54 C:\Users\tbsou\Documents\LPCXpresso_6.1.4_194\workspace\FreeRTOS_Library\Debug\libFreeRTOS_Library.a(basic_io.o)
                0x00004164                vPrintString
                0x00004188                vPrintStringAndNumber
 .text          0x000041b8       0x18 C:\Users\tbsou\Documents\LPCXpresso_6.1.4_194\workspace\FreeRTOS_Library\Debug\libFreeRTOS_Library.a(consoleprint.o)
                0x000041b8                consoleprint
 .text          0x000041d0      0x4e4 C:\Users\tbsou\Documents\LPCXpresso_6.1.4_194\workspace\FreeRTOS_Library\Debug\libFreeRTOS_Library.a(queue.o)
                0x000042d8                xQueueCreate
                0x00004344                xQueueCreateCountingSemaphore
                0x00004358                xQueueGenericSend
                0x0000443c                xQueueCreateMutex
                0x00004488                xQueueGenericSendFromISR
                0x000044ec                xQueueGenericReceive
                0x00004604                xQueueReceiveFromISR
                0x0000466c                uxQueueMessagesWaiting
                0x00004680                uxQueueMessagesWaitingFromISR
                0x00004684                vQueueDelete
                0x00004698                xQueueIsQueueEmptyFromISR
                0x000046a4                xQueueIsQueueFullFromISR
 .text          0x000046b4      0xca4 C:\Users\tbsou\Documents\LPCXpresso_6.1.4_194\workspace\FreeRTOS_Library\Debug\libFreeRTOS_Library.a(tasks.o)
                0x000046b4                xTaskGenericCreate
                0x000048b4                vTaskDelete
                0x00004934                uxTaskPriorityGet
                0x00004954                vTaskPrioritySet
                0x00004a08                xTaskIsTaskSuspended
                0x00004a34                vTaskResume
                0x00004ab0                xTaskResumeFromISR
                0x00004b2c                vTaskStartScheduler
                0x00004b80                vTaskEndScheduler
                0x00004ba0                vTaskSuspendAll
                0x00004bb8                xTaskGetTickCount
                0x00004bd4                xTaskGetTickCountFromISR
                0x00004be4                uxTaskGetNumberOfTasks
                0x00004bf0                vTaskIncrementTick
                0x00004cd0                xTaskResumeAll
                0x00004e4c                vTaskDelay
                0x00004ea4                vTaskDelayUntil
                0x00004f40                vTaskSwitchContext
                0x0000503c                vTaskSuspend
                0x000050c8                vTaskPlaceOnEventList
                0x00005134                xTaskRemoveFromEventList
                0x000051c0                vTaskSetTimeOutState
                0x000051d8                xTaskCheckForTimeOut
                0x00005258                vTaskMissedYield
                0x0000526c                xTaskGetCurrentTaskHandle
                0x00005278                vTaskPriorityInherit
                0x00005304                vTaskPriorityDisinherit
 .text          0x00005358      0x140 C:\Users\tbsou\Documents\LPCXpresso_6.1.4_194\workspace\FreeRTOS_Library\Debug\libFreeRTOS_Library.a(heap_2.o)
                0x00005358                pvPortMalloc
                0x00005444                vPortFree
                0x00005488                xPortGetFreeHeapSize
                0x00005494                vPortInitialiseBlocks
 .text          0x00005498       0xa4 C:\Users\tbsou\Documents\LPCXpresso_6.1.4_194\workspace\FreeRTOS_Library\Debug\libFreeRTOS_Library.a(list.o)
                0x00005498                vListInitialise
                0x000054b0                vListInitialiseItem
                0x000054b8                vListInsertEnd
                0x000054d8                vListInsert
                0x00005514                vListRemove
 .text.__sys_write
                0x0000553c        0xc c:/nxp/lpcxpresso_6.1.4_194/lpcxpresso/tools/bin/../lib/gcc/arm-none-eabi/4.6.2/../../../../arm-none-eabi/lib/armv7-m\libcr_semihost.a(__sys_write.o)
                0x0000553c                __sys_write
                0x0000553c                __write
 .text.__main   0x00005548       0x14 c:/nxp/lpcxpresso_6.1.4_194/lpcxpresso/tools/bin/../lib/gcc/arm-none-eabi/4.6.2/../../../../arm-none-eabi/lib/armv7-m\libcr_semihost.a(_cr__main.o)
                0x00005548                __CR_SEMIHOST
                0x00005548                __main
 .text.memcpy   0x0000555c        0x4 c:/nxp/lpcxpresso_6.1.4_194/lpcxpresso/tools/bin/../lib/gcc/arm-none-eabi/4.6.2/../../../../arm-none-eabi/lib/armv7-m\libcr_c.a(memcpy.o)
                0x0000555c                memcpy
 .text.memset   0x00005560        0x4 c:/nxp/lpcxpresso_6.1.4_194/lpcxpresso/tools/bin/../lib/gcc/arm-none-eabi/4.6.2/../../../../arm-none-eabi/lib/armv7-m\libcr_c.a(memset.o)
                0x00005560                memset
 .text.lose_trailing_zeros
                0x00005564       0x1e c:/nxp/lpcxpresso_6.1.4_194/lpcxpresso/tools/bin/../lib/gcc/arm-none-eabi/4.6.2/../../../../arm-none-eabi/lib/armv7-m\libcr_c.a(fpprintf.o)
 .text.fp_round
                0x00005582       0x54 c:/nxp/lpcxpresso_6.1.4_194/lpcxpresso/tools/bin/../lib/gcc/arm-none-eabi/4.6.2/../../../../arm-none-eabi/lib/armv7-m\libcr_c.a(fpprintf.o)
 .text.pr_dec.constprop.1
                0x000055d6       0x22 c:/nxp/lpcxpresso_6.1.4_194/lpcxpresso/tools/bin/../lib/gcc/arm-none-eabi/4.6.2/../../../../arm-none-eabi/lib/armv7-m\libcr_c.a(fpprintf.o)
 .text.sprintf  0x000055f8       0x70 c:/nxp/lpcxpresso_6.1.4_194/lpcxpresso/tools/bin/../lib/gcc/arm-none-eabi/4.6.2/../../../../arm-none-eabi/lib/armv7-m\libcr_c.a(fpprintf.o)
                0x000055f8                sprintf
 .text.fp_display
                0x00005668      0x908 c:/nxp/lpcxpresso_6.1.4_194/lpcxpresso/tools/bin/../lib/gcc/arm-none-eabi/4.6.2/../../../../arm-none-eabi/lib/armv7-m\libcr_c.a(fpprintf.o)
 .text._initio  0x00005f70       0x9c c:/nxp/lpcxpresso_6.1.4_194/lpcxpresso/tools/bin/../lib/gcc/arm-none-eabi/4.6.2/../../../../arm-none-eabi/lib/armv7-m\libcr_c.a(initio.o)
                0x00005f70                _initio
 .text.memcmp   0x0000600c       0x38 c:/nxp/lpcxpresso_6.1.4_194/lpcxpresso/tools/bin/../lib/gcc/arm-none-eabi/4.6.2/../../../../arm-none-eabi/lib/armv7-m\libcr_c.a(memcmp.o)
                0x0000600c                memcmp
 .text.__vfprintf
                0x00006044      0xd54 c:/nxp/lpcxpresso_6.1.4_194/lpcxpresso/tools/bin/../lib/gcc/arm-none-eabi/4.6.2/../../../../arm-none-eabi/lib/armv7-m\libcr_c.a(printf.o)
                0x00006044                __vfprintf
 .text.setvbuf  0x00006d98       0x48 c:/nxp/lpcxpresso_6.1.4_194/lpcxpresso/tools/bin/../lib/gcc/arm-none-eabi/4.6.2/../../../../arm-none-eabi/lib/armv7-m\libcr_c.a(setvbuf.o)
                0x00006d98                setvbuf
 .text.strcpy   0x00006de0       0x44 c:/nxp/lpcxpresso_6.1.4_194/lpcxpresso/tools/bin/../lib/gcc/arm-none-eabi/4.6.2/../../../../arm-none-eabi/lib/armv7-m\libcr_c.a(strcpy.o)
                0x00006de0                strcpy
 .text.strlen   0x00006e24       0x4c c:/nxp/lpcxpresso_6.1.4_194/lpcxpresso/tools/bin/../lib/gcc/arm-none-eabi/4.6.2/../../../../arm-none-eabi/lib/armv7-m\libcr_c.a(strlen.o)
                0x00006e24                strlen
 .text.strncpy  0x00006e70       0x54 c:/nxp/lpcxpresso_6.1.4_194/lpcxpresso/tools/bin/../lib/gcc/arm-none-eabi/4.6.2/../../../../arm-none-eabi/lib/armv7-m\libcr_c.a(strncpy.o)
                0x00006e70                strncpy
 .text._deferredlazyseek
                0x00006ec4       0x44 c:/nxp/lpcxpresso_6.1.4_194/lpcxpresso/tools/bin/../lib/gcc/arm-none-eabi/4.6.2/../../../../arm-none-eabi/lib/armv7-m\libcr_c.a(_deferredlazyseek.o)
                0x00006ec4                _deferredlazyseek
 .text.__flsbuf
                0x00006f08      0x14e c:/nxp/lpcxpresso_6.1.4_194/lpcxpresso/tools/bin/../lib/gcc/arm-none-eabi/4.6.2/../../../../arm-none-eabi/lib/armv7-m\libcr_c.a(_deferredlazyseek.o)
                0x00006f08                __flsbuf
 .text._fdopen  0x00007056       0x6c c:/nxp/lpcxpresso_6.1.4_194/lpcxpresso/tools/bin/../lib/gcc/arm-none-eabi/4.6.2/../../../../arm-none-eabi/lib/armv7-m\libcr_c.a(_fdopen.o)
                0x00007056                _fdopen
 .text._fflush  0x000070c2       0x58 c:/nxp/lpcxpresso_6.1.4_194/lpcxpresso/tools/bin/../lib/gcc/arm-none-eabi/4.6.2/../../../../arm-none-eabi/lib/armv7-m\libcr_c.a(_fflush.o)
                0x000070c2                _fflush
 .text._frexpl  0x0000711a       0x60 c:/nxp/lpcxpresso_6.1.4_194/lpcxpresso/tools/bin/../lib/gcc/arm-none-eabi/4.6.2/../../../../arm-none-eabi/lib/armv7-m\libcr_c.a(_frexpl.o)
                0x0000711a                _frexpl
 *fill*         0x0000717a        0x2 00
 .text._ldexpl  0x0000717c       0x50 c:/nxp/lpcxpresso_6.1.4_194/lpcxpresso/tools/bin/../lib/gcc/arm-none-eabi/4.6.2/../../../../arm-none-eabi/lib/armv7-m\libcr_c.a(_ldexpl.o)
                0x0000717c                _ldexpl
 .text._Cwritebuf
                0x000071cc       0x84 c:/nxp/lpcxpresso_6.1.4_194/lpcxpresso/tools/bin/../lib/gcc/arm-none-eabi/4.6.2/../../../../arm-none-eabi/lib/armv7-m\libcr_c.a(_writebuf.o)
                0x000071cc                _Cwritebuf
 .text.malloc   0x00007250       0xbc c:/nxp/lpcxpresso_6.1.4_194/lpcxpresso/tools/bin/../lib/gcc/arm-none-eabi/4.6.2/../../../../arm-none-eabi/lib/armv7-m\libcr_c.a(alloc.o)
                0x00007250                malloc
 .text.free     0x0000730c        0xc c:/nxp/lpcxpresso_6.1.4_194/lpcxpresso/tools/bin/../lib/gcc/arm-none-eabi/4.6.2/../../../../arm-none-eabi/lib/armv7-m\libcr_c.a(alloc.o)
                0x0000730c                free
 .text._Csys_alloc
                0x00007318       0x20 c:/nxp/lpcxpresso_6.1.4_194/lpcxpresso/tools/bin/../lib/gcc/arm-none-eabi/4.6.2/../../../../arm-none-eabi/lib/armv7-m\libcr_c.a(alloc.o)
                0x00007318                _Csys_alloc
 .text.fclose   0x00007338       0x6c c:/nxp/lpcxpresso_6.1.4_194/lpcxpresso/tools/bin/../lib/gcc/arm-none-eabi/4.6.2/../../../../arm-none-eabi/lib/armv7-m\libcr_c.a(fclose.o)
                0x00007338                fclose
 .text.fflush   0x000073a4       0x34 c:/nxp/lpcxpresso_6.1.4_194/lpcxpresso/tools/bin/../lib/gcc/arm-none-eabi/4.6.2/../../../../arm-none-eabi/lib/armv7-m\libcr_c.a(fflush.o)
                0x000073a4                fflush
 .text.fseek    0x000073d8      0x104 c:/nxp/lpcxpresso_6.1.4_194/lpcxpresso/tools/bin/../lib/gcc/arm-none-eabi/4.6.2/../../../../arm-none-eabi/lib/armv7-m\libcr_c.a(fseek.o)
                0x000073d8                fseek
 .text.ftell    0x000074dc       0x4c c:/nxp/lpcxpresso_6.1.4_194/lpcxpresso/tools/bin/../lib/gcc/arm-none-eabi/4.6.2/../../../../arm-none-eabi/lib/armv7-m\libcr_c.a(ftell.o)
                0x000074dc                ftell
 .text.remove   0x00007528       0x14 c:/nxp/lpcxpresso_6.1.4_194/lpcxpresso/tools/bin/../lib/gcc/arm-none-eabi/4.6.2/../../../../arm-none-eabi/lib/armv7-m\libcr_c.a(remove.o)
                0x00007528                remove
 .text._do_fflush
                0x0000753c       0x42 c:/nxp/lpcxpresso_6.1.4_194/lpcxpresso/tools/bin/../lib/gcc/arm-none-eabi/4.6.2/../../../../arm-none-eabi/lib/armv7-m\libcr_c.a(_do_fflush.o)
                0x0000753c                _do_fflush
 *fill*         0x0000757e        0x2 00
 .text.__aeabi_dmul
                0x00007580      0x138 c:/nxp/lpcxpresso_6.1.4_194/lpcxpresso/tools/bin/../lib/gcc/arm-none-eabi/4.6.2/armv7-m\libcr_eabihelpers.a(double.o)
                0x00007580                __aeabi_dmul
 .text.__aeabi_ddiv
                0x000076b8      0x168 c:/nxp/lpcxpresso_6.1.4_194/lpcxpresso/tools/bin/../lib/gcc/arm-none-eabi/4.6.2/armv7-m\libcr_eabihelpers.a(double.o)
                0x000076b8                __aeabi_ddiv
 .text.__aeabi_dsub
                0x00007820      0x1f4 c:/nxp/lpcxpresso_6.1.4_194/lpcxpresso/tools/bin/../lib/gcc/arm-none-eabi/4.6.2/armv7-m\libcr_eabihelpers.a(double.o)
                0x00007820                __aeabi_dsub
 .text.__aeabi_dadd
                0x00007a14      0x154 c:/nxp/lpcxpresso_6.1.4_194/lpcxpresso/tools/bin/../lib/gcc/arm-none-eabi/4.6.2/armv7-m\libcr_eabihelpers.a(double.o)
                0x00007a14                __aeabi_dadd
 .text.__aeabi_d2iz
                0x00007b68       0x40 c:/nxp/lpcxpresso_6.1.4_194/lpcxpresso/tools/bin/../lib/gcc/arm-none-eabi/4.6.2/armv7-m\libcr_eabihelpers.a(double.o)
                0x00007b68                __aeabi_d2iz
 .text.__bhs_ui2d
                0x00007ba8       0x5c c:/nxp/lpcxpresso_6.1.4_194/lpcxpresso/tools/bin/../lib/gcc/arm-none-eabi/4.6.2/armv7-m\libcr_eabihelpers.a(double.o)
                0x00007ba8                __bhs_ui2d
 .text.__aeabi_i2d
                0x00007c04       0x10 c:/nxp/lpcxpresso_6.1.4_194/lpcxpresso/tools/bin/../lib/gcc/arm-none-eabi/4.6.2/armv7-m\libcr_eabihelpers.a(double.o)
                0x00007c04                __aeabi_i2d
 .text.__aeabi_dcmpeq
                0x00007c14       0x3c c:/nxp/lpcxpresso_6.1.4_194/lpcxpresso/tools/bin/../lib/gcc/arm-none-eabi/4.6.2/armv7-m\libcr_eabihelpers.a(double.o)
                0x00007c14                __aeabi_dcmpeq
 .text.__aeabi_dcmplt
                0x00007c50       0x5c c:/nxp/lpcxpresso_6.1.4_194/lpcxpresso/tools/bin/../lib/gcc/arm-none-eabi/4.6.2/armv7-m\libcr_eabihelpers.a(double.o)
                0x00007c50                __aeabi_dcmplt
 .text.__aeabi_dcmple
                0x00007cac       0x58 c:/nxp/lpcxpresso_6.1.4_194/lpcxpresso/tools/bin/../lib/gcc/arm-none-eabi/4.6.2/armv7-m\libcr_eabihelpers.a(double.o)
                0x00007cac                __aeabi_dcmple
 .text.__aeabi_dcmpge
                0x00007d04       0x5c c:/nxp/lpcxpresso_6.1.4_194/lpcxpresso/tools/bin/../lib/gcc/arm-none-eabi/4.6.2/armv7-m\libcr_eabihelpers.a(double.o)
                0x00007d04                __aeabi_dcmpge
 .text.__aeabi_memcpy
                0x00007d60       0x26 c:/nxp/lpcxpresso_6.1.4_194/lpcxpresso/tools/bin/../lib/gcc/arm-none-eabi/4.6.2/armv7-m\libcr_eabihelpers.a(memcpy.o)
                0x00007d60                __aeabi_memcpy4
                0x00007d60                __aeabi_memcpy8
                0x00007d60                __aeabi_memcpy
 .text.__aeabi_memset_lowlevel
                0x00007d86       0x24 c:/nxp/lpcxpresso_6.1.4_194/lpcxpresso/tools/bin/../lib/gcc/arm-none-eabi/4.6.2/armv7-m\libcr_eabihelpers.a(memcpy.o)
                0x00007d86                __aeabi_lowlevel_memset
 *fill*         0x00007daa        0x2 00
 .text.__sys_appexit
                0x00007dac        0xc c:/nxp/lpcxpresso_6.1.4_194/lpcxpresso/tools/bin/../lib/gcc/arm-none-eabi/4.6.2/../../../../arm-none-eabi/lib/armv7-m\libcr_semihost.a(__sys_appexit.o)
                0x00007dac                __sys_appexit
                0x00007dac                __exit
 .text.__sys_close
                0x00007db8        0xc c:/nxp/lpcxpresso_6.1.4_194/lpcxpresso/tools/bin/../lib/gcc/arm-none-eabi/4.6.2/../../../../arm-none-eabi/lib/armv7-m\libcr_semihost.a(__sys_close.o)
                0x00007db8                __sys_close
 .text.__sys_flen
                0x00007dc4        0xc c:/nxp/lpcxpresso_6.1.4_194/lpcxpresso/tools/bin/../lib/gcc/arm-none-eabi/4.6.2/../../../../arm-none-eabi/lib/armv7-m\libcr_semihost.a(__sys_flen.o)
                0x00007dc4                __sys_flen
 .text.__sys_istty
                0x00007dd0        0xc c:/nxp/lpcxpresso_6.1.4_194/lpcxpresso/tools/bin/../lib/gcc/arm-none-eabi/4.6.2/../../../../arm-none-eabi/lib/armv7-m\libcr_semihost.a(__sys_istty.o)
                0x00007dd0                __sys_istty
 .text.__sys_remove
                0x00007ddc        0xc c:/nxp/lpcxpresso_6.1.4_194/lpcxpresso/tools/bin/../lib/gcc/arm-none-eabi/4.6.2/../../../../arm-none-eabi/lib/armv7-m\libcr_semihost.a(__sys_remove.o)
                0x00007ddc                __sys_remove
 .text.__sys_seek
                0x00007de8        0xc c:/nxp/lpcxpresso_6.1.4_194/lpcxpresso/tools/bin/../lib/gcc/arm-none-eabi/4.6.2/../../../../arm-none-eabi/lib/armv7-m\libcr_semihost.a(__sys_seek.o)
                0x00007de8                __sys_seek
 .text.__sys_tmpnam
                0x00007df4        0xc c:/nxp/lpcxpresso_6.1.4_194/lpcxpresso/tools/bin/../lib/gcc/arm-none-eabi/4.6.2/../../../../arm-none-eabi/lib/armv7-m\libcr_semihost.a(__sys_tmpnam.o)
                0x00007df4                __sys_tmpnam
 .text._sbrk    0x00007e00       0x40 c:/nxp/lpcxpresso_6.1.4_194/lpcxpresso/tools/bin/../lib/gcc/arm-none-eabi/4.6.2/../../../../arm-none-eabi/lib/armv7-m\libcr_semihost.a(_cr_sbrk.o)
                0x00007e00                _sbrk
 .text.__check_heap_overflow
                0x00007e40       0x2c c:/nxp/lpcxpresso_6.1.4_194/lpcxpresso/tools/bin/../lib/gcc/arm-none-eabi/4.6.2/../../../../arm-none-eabi/lib/armv7-m\libcr_semihost.a(_cr_check_heap.o)
                0x00007e40                __check_heap_overflow
 *(.rodata .rodata.* .constdata .constdata.*)
 .rodata        0x00007e6c       0xec ./main.o
 .rodata        0x00007f58        0x8 C:\Users\tbsou\Documents\LPCXpresso_6.1.4_194\workspace\Lib_EaBaseBoard\Debug\libLib_EaBaseBoard.a(oled.o)
 .rodata        0x00007f60      0x300 C:\Users\tbsou\Documents\LPCXpresso_6.1.4_194\workspace\Lib_EaBaseBoard\Debug\libLib_EaBaseBoard.a(font5x7.o)
                0x00007f60                font5x7
 .rodata        0x00008260       0x18 C:\Users\tbsou\Documents\LPCXpresso_6.1.4_194\workspace\Lib_MCU\Debug\libLib_MCU.a(lpc17xx_adc.o)
 .rodata        0x00008278       0x18 C:\Users\tbsou\Documents\LPCXpresso_6.1.4_194\workspace\Lib_MCU\Debug\libLib_MCU.a(lpc17xx_i2c.o)
 .rodata        0x00008290       0x18 C:\Users\tbsou\Documents\LPCXpresso_6.1.4_194\workspace\Lib_MCU\Debug\libLib_MCU.a(lpc17xx_ssp.o)
 .rodata        0x000082a8       0x18 C:\Users\tbsou\Documents\LPCXpresso_6.1.4_194\workspace\Lib_MCU\Debug\libLib_MCU.a(lpc17xx_uart.o)
 .rodata.str1.4
                0x000082c0        0x8 C:\Users\tbsou\Documents\LPCXpresso_6.1.4_194\workspace\FreeRTOS_Library\Debug\libFreeRTOS_Library.a(basic_io.o)
 .rodata        0x000082c8       0x14 C:\Users\tbsou\Documents\LPCXpresso_6.1.4_194\workspace\FreeRTOS_Library\Debug\libFreeRTOS_Library.a(tasks.o)
 .rodata.str1.4
                0x000082dc        0x8 C:\Users\tbsou\Documents\LPCXpresso_6.1.4_194\workspace\FreeRTOS_Library\Debug\libFreeRTOS_Library.a(tasks.o)
 .rodata.str1.1
                0x000082e4       0x34 c:/nxp/lpcxpresso_6.1.4_194/lpcxpresso/tools/bin/../lib/gcc/arm-none-eabi/4.6.2/../../../../arm-none-eabi/lib/armv7-m\libcr_c.a(fpprintf.o)
                                 0x35 (size before relaxing)
 .rodata.str1.1
                0x00008318        0x4 c:/nxp/lpcxpresso_6.1.4_194/lpcxpresso/tools/bin/../lib/gcc/arm-none-eabi/4.6.2/../../../../arm-none-eabi/lib/armv7-m\libcr_c.a(initio.o)
 .rodata.str1.1
                0x0000831c       0x31 c:/nxp/lpcxpresso_6.1.4_194/lpcxpresso/tools/bin/../lib/gcc/arm-none-eabi/4.6.2/../../../../arm-none-eabi/lib/armv7-m\libcr_c.a(printf.o)
                                 0x38 (size before relaxing)
 .rodata.str1.1
                0x0000834d       0x18 c:/nxp/lpcxpresso_6.1.4_194/lpcxpresso/tools/bin/../lib/gcc/arm-none-eabi/4.6.2/../../../../arm-none-eabi/lib/armv7-m\libcr_c.a(alloc.o)
 *fill*         0x00008365        0x3 00
 .rodata.__huge_vall
                0x00008368        0x8 c:/nxp/lpcxpresso_6.1.4_194/lpcxpresso/tools/bin/../lib/gcc/arm-none-eabi/4.6.2/../../../../arm-none-eabi/lib/armv7-m\libcr_c.a(_hugeval.o)
                0x00008368                __huge_vall
                0x00008370                . = ALIGN (0x4)

.glue_7         0x00008370        0x0
 .glue_7        0x00000000        0x0 linker stubs

.glue_7t        0x00008370        0x0
 .glue_7t       0x00000000        0x0 linker stubs

.vfp11_veneer   0x00008370        0x0
 .vfp11_veneer  0x00000000        0x0 linker stubs

.v4_bx          0x00008370        0x0
 .v4_bx         0x00000000        0x0 linker stubs

.ARM.extab
 *(.ARM.extab* .gnu.linkonce.armextab.*)
                0x00008370                __exidx_start = .

.ARM.exidx
 *(.ARM.exidx* .gnu.linkonce.armexidx.*)
                0x00008370                __exidx_end = .
                0x00008370                _etext = .

.data_RAM2      0x2007c000        0x0 load address 0x00008370
 FILL mask 0xff
 *(.data.$RAM2*)
 *(.data.$RamAHB32*)
                0x2007c000                . = ALIGN (0x4)

.uninit_RESERVED
                0x10000000        0x0
 *(.bss.$RESERVED*)
                0x10000000                . = ALIGN (0x4)
                0x10000000                _end_uninit_RESERVED = .

.data           0x10000000       0x60 load address 0x00008370
 FILL mask 0xff
                0x10000000                _data = .
 *(vtable)
 *(.data*)
 .data          0x10000000        0x4 ./main.o
                0x10000000                mode
 .data          0x10000004        0x4 C:\Users\tbsou\Documents\LPCXpresso_6.1.4_194\workspace\Lib_CMSISv1p30_LPC17xx\Debug\libLib_CMSISv1p30_LPC17xx.a(system_LPC17xx.o)
                0x10000004                SystemCoreClock
 .data          0x10000008       0x50 C:\Users\tbsou\Documents\LPCXpresso_6.1.4_194\workspace\Lib_EaBaseBoard\Debug\libLib_EaBaseBoard.a(led7seg.o)
 .data          0x10000058        0x4 C:\Users\tbsou\Documents\LPCXpresso_6.1.4_194\workspace\FreeRTOS_Library\Debug\libFreeRTOS_Library.a(port.o)
 .data          0x1000005c        0x4 C:\Users\tbsou\Documents\LPCXpresso_6.1.4_194\workspace\FreeRTOS_Library\Debug\libFreeRTOS_Library.a(heap_2.o)
                0x10000060                . = ALIGN (0x4)
                0x10000060                _edata = .

.bss_RAM2       0x2007c000        0x0
 *(.bss.$RAM2*)
 *(.bss.$RamAHB32*)
                0x2007c000                . = ALIGN (0x4)

.bss            0x10000060     0x2df4
                0x10000060                _bss = .
 *(.bss*)
 .bss           0x10000060      0x300 C:\Users\tbsou\Documents\LPCXpresso_6.1.4_194\workspace\Lib_EaBaseBoard\Debug\libLib_EaBaseBoard.a(oled.o)
 .bss           0x10000360        0x4 C:\Users\tbsou\Documents\LPCXpresso_6.1.4_194\workspace\Lib_EaBaseBoard\Debug\libLib_EaBaseBoard.a(temp.o)
 .bss           0x10000364        0x1 C:\Users\tbsou\Documents\LPCXpresso_6.1.4_194\workspace\Lib_EaBaseBoard\Debug\libLib_EaBaseBoard.a(uart2.o)
 *fill*         0x10000365        0x3 00
 .bss           0x10000368       0x24 C:\Users\tbsou\Documents\LPCXpresso_6.1.4_194\workspace\Lib_MCU\Debug\libLib_MCU.a(lpc17xx_i2c.o)
 .bss           0x1000038c       0x18 C:\Users\tbsou\Documents\LPCXpresso_6.1.4_194\workspace\Lib_MCU\Debug\libLib_MCU.a(lpc17xx_ssp.o)
 .bss           0x100003a4       0x34 C:\Users\tbsou\Documents\LPCXpresso_6.1.4_194\workspace\FreeRTOS_Library\Debug\libFreeRTOS_Library.a(basic_io.o)
 .bss           0x100003d8      0x100 C:\Users\tbsou\Documents\LPCXpresso_6.1.4_194\workspace\FreeRTOS_Library\Debug\libFreeRTOS_Library.a(tasks.o)
                0x100003dc                pxCurrentTCB
 .bss           0x100004d8     0x2818 C:\Users\tbsou\Documents\LPCXpresso_6.1.4_194\workspace\FreeRTOS_Library\Debug\libFreeRTOS_Library.a(heap_2.o)
 .bss.errno     0x10002cf0        0x4 c:/nxp/lpcxpresso_6.1.4_194/lpcxpresso/tools/bin/../lib/gcc/arm-none-eabi/4.6.2/../../../../arm-none-eabi/lib/armv7-m\libcr_c.a(errno.o)
                0x10002cf0                errno
 *(COMMON)
 COMMON         0x10002cf4       0x14 ./main.o
                0x10002cf4                queueUART
                0x10002cf8                queueSensor
                0x10002cfc                temp
 COMMON         0x10002d08        0x4 c:/nxp/lpcxpresso_6.1.4_194/lpcxpresso/tools/bin/../lib/gcc/arm-none-eabi/4.6.2/../../../../arm-none-eabi/lib/armv7-m\libcr_c.a(initio.o)
                0x10002d08                _extra
 COMMON         0x10002d0c      0x140 c:/nxp/lpcxpresso_6.1.4_194/lpcxpresso/tools/bin/../lib/gcc/arm-none-eabi/4.6.2/../../../../arm-none-eabi/lib/armv7-m\libcr_c.a(stdio.o)
                0x10002d0c                __Ciob
 COMMON         0x10002e4c        0x8 c:/nxp/lpcxpresso_6.1.4_194/lpcxpresso/tools/bin/../lib/gcc/arm-none-eabi/4.6.2/../../../../arm-none-eabi/lib/armv7-m\libcr_c.a(__init_alloc.o)
                0x10002e4c                __heaps
                0x10002e50                __end_of_heap
                0x10002e54                . = ALIGN (0x4)
                0x10002e54                _ebss = .
                0x10002e54                PROVIDE (end, .)

.noinit_RAM2    0x2007c000        0x0
 *(.noinit.$RAM2*)
 *(.noinit.$RamAHB32*)
                0x2007c000                . = ALIGN (0x4)

.noinit         0x10002e54        0x0
                0x10002e54                _noinit = .
 *(.noinit*)
                0x10002e54                . = ALIGN (0x4)
                0x10002e54                _end_noinit = .
                0x10002e54                PROVIDE (_pvHeapStart, .)
                0x10008000                PROVIDE (_vStackTop, (__top_RamLoc32 - 0x0))
OUTPUT(Example10.axf elf32-littlearm)

.debug_info     0x00000000     0x916b
 .debug_info    0x00000000      0x210 ./cr_startup_lpc17.o
 .debug_info    0x00000210     0x10f3 ./main.o
 .debug_info    0x00001303      0x357 C:\Users\tbsou\Documents\LPCXpresso_6.1.4_194\workspace\Lib_CMSISv1p30_LPC17xx\Debug\libLib_CMSISv1p30_LPC17xx.a(system_LPC17xx.o)
 .debug_info    0x0000165a      0x282 C:\Users\tbsou\Documents\LPCXpresso_6.1.4_194\workspace\Lib_EaBaseBoard\Debug\libLib_EaBaseBoard.a(led7seg.o)
 .debug_info    0x000018dc      0x97d C:\Users\tbsou\Documents\LPCXpresso_6.1.4_194\workspace\Lib_EaBaseBoard\Debug\libLib_EaBaseBoard.a(oled.o)
 .debug_info    0x00002259      0x154 C:\Users\tbsou\Documents\LPCXpresso_6.1.4_194\workspace\Lib_EaBaseBoard\Debug\libLib_EaBaseBoard.a(temp.o)
 .debug_info    0x000023ad      0x5a7 C:\Users\tbsou\Documents\LPCXpresso_6.1.4_194\workspace\Lib_EaBaseBoard\Debug\libLib_EaBaseBoard.a(uart2.o)
 .debug_info    0x00002954       0x65 C:\Users\tbsou\Documents\LPCXpresso_6.1.4_194\workspace\Lib_EaBaseBoard\Debug\libLib_EaBaseBoard.a(font5x7.o)
 .debug_info    0x000029b9      0x61b C:\Users\tbsou\Documents\LPCXpresso_6.1.4_194\workspace\Lib_MCU\Debug\libLib_MCU.a(lpc17xx_adc.o)
 .debug_info    0x00002fd4      0x641 C:\Users\tbsou\Documents\LPCXpresso_6.1.4_194\workspace\Lib_MCU\Debug\libLib_MCU.a(lpc17xx_clkpwr.o)
 .debug_info    0x00003615      0xb95 C:\Users\tbsou\Documents\LPCXpresso_6.1.4_194\workspace\Lib_MCU\Debug\libLib_MCU.a(lpc17xx_gpio.o)
 .debug_info    0x000041aa      0xcc3 C:\Users\tbsou\Documents\LPCXpresso_6.1.4_194\workspace\Lib_MCU\Debug\libLib_MCU.a(lpc17xx_i2c.o)
 .debug_info    0x00004e6d       0xcd C:\Users\tbsou\Documents\LPCXpresso_6.1.4_194\workspace\Lib_MCU\Debug\libLib_MCU.a(lpc17xx_libcfg_default.o)
 .debug_info    0x00004f3a      0x4b1 C:\Users\tbsou\Documents\LPCXpresso_6.1.4_194\workspace\Lib_MCU\Debug\libLib_MCU.a(lpc17xx_pinsel.o)
 .debug_info    0x000053eb      0x867 C:\Users\tbsou\Documents\LPCXpresso_6.1.4_194\workspace\Lib_MCU\Debug\libLib_MCU.a(lpc17xx_ssp.o)
 .debug_info    0x00005c52     0x14df C:\Users\tbsou\Documents\LPCXpresso_6.1.4_194\workspace\Lib_MCU\Debug\libLib_MCU.a(lpc17xx_uart.o)
 .debug_info    0x00007131      0x220 C:\Users\tbsou\Documents\LPCXpresso_6.1.4_194\workspace\FreeRTOS_Library\Debug\libFreeRTOS_Library.a(port.o)
 .debug_info    0x00007351      0x12c C:\Users\tbsou\Documents\LPCXpresso_6.1.4_194\workspace\FreeRTOS_Library\Debug\libFreeRTOS_Library.a(basic_io.o)
 .debug_info    0x0000747d       0xaa C:\Users\tbsou\Documents\LPCXpresso_6.1.4_194\workspace\FreeRTOS_Library\Debug\libFreeRTOS_Library.a(consoleprint.o)
 .debug_info    0x00007527      0x814 C:\Users\tbsou\Documents\LPCXpresso_6.1.4_194\workspace\FreeRTOS_Library\Debug\libFreeRTOS_Library.a(queue.o)
 .debug_info    0x00007d3b      0xe7c C:\Users\tbsou\Documents\LPCXpresso_6.1.4_194\workspace\FreeRTOS_Library\Debug\libFreeRTOS_Library.a(tasks.o)
 .debug_info    0x00008bb7      0x2ef C:\Users\tbsou\Documents\LPCXpresso_6.1.4_194\workspace\FreeRTOS_Library\Debug\libFreeRTOS_Library.a(heap_2.o)
 .debug_info    0x00008ea6      0x2c5 C:\Users\tbsou\Documents\LPCXpresso_6.1.4_194\workspace\FreeRTOS_Library\Debug\libFreeRTOS_Library.a(list.o)

.debug_abbrev   0x00000000     0x1f6f
 .debug_abbrev  0x00000000       0xb4 ./cr_startup_lpc17.o
 .debug_abbrev  0x000000b4      0x28a ./main.o
 .debug_abbrev  0x0000033e       0xce C:\Users\tbsou\Documents\LPCXpresso_6.1.4_194\workspace\Lib_CMSISv1p30_LPC17xx\Debug\libLib_CMSISv1p30_LPC17xx.a(system_LPC17xx.o)
 .debug_abbrev  0x0000040c      0x155 C:\Users\tbsou\Documents\LPCXpresso_6.1.4_194\workspace\Lib_EaBaseBoard\Debug\libLib_EaBaseBoard.a(led7seg.o)
 .debug_abbrev  0x00000561      0x1f1 C:\Users\tbsou\Documents\LPCXpresso_6.1.4_194\workspace\Lib_EaBaseBoard\Debug\libLib_EaBaseBoard.a(oled.o)
 .debug_abbrev  0x00000752       0xc2 C:\Users\tbsou\Documents\LPCXpresso_6.1.4_194\workspace\Lib_EaBaseBoard\Debug\libLib_EaBaseBoard.a(temp.o)
 .debug_abbrev  0x00000814      0x1bb C:\Users\tbsou\Documents\LPCXpresso_6.1.4_194\workspace\Lib_EaBaseBoard\Debug\libLib_EaBaseBoard.a(uart2.o)
 .debug_abbrev  0x000009cf       0x4b C:\Users\tbsou\Documents\LPCXpresso_6.1.4_194\workspace\Lib_EaBaseBoard\Debug\libLib_EaBaseBoard.a(font5x7.o)
 .debug_abbrev  0x00000a1a      0x13f C:\Users\tbsou\Documents\LPCXpresso_6.1.4_194\workspace\Lib_MCU\Debug\libLib_MCU.a(lpc17xx_adc.o)
 .debug_abbrev  0x00000b59      0x174 C:\Users\tbsou\Documents\LPCXpresso_6.1.4_194\workspace\Lib_MCU\Debug\libLib_MCU.a(lpc17xx_clkpwr.o)
 .debug_abbrev  0x00000ccd      0x185 C:\Users\tbsou\Documents\LPCXpresso_6.1.4_194\workspace\Lib_MCU\Debug\libLib_MCU.a(lpc17xx_gpio.o)
 .debug_abbrev  0x00000e52      0x24a C:\Users\tbsou\Documents\LPCXpresso_6.1.4_194\workspace\Lib_MCU\Debug\libLib_MCU.a(lpc17xx_i2c.o)
 .debug_abbrev  0x0000109c       0x6a C:\Users\tbsou\Documents\LPCXpresso_6.1.4_194\workspace\Lib_MCU\Debug\libLib_MCU.a(lpc17xx_libcfg_default.o)
 .debug_abbrev  0x00001106      0x10a C:\Users\tbsou\Documents\LPCXpresso_6.1.4_194\workspace\Lib_MCU\Debug\libLib_MCU.a(lpc17xx_pinsel.o)
 .debug_abbrev  0x00001210      0x1d3 C:\Users\tbsou\Documents\LPCXpresso_6.1.4_194\workspace\Lib_MCU\Debug\libLib_MCU.a(lpc17xx_ssp.o)
 .debug_abbrev  0x000013e3      0x259 C:\Users\tbsou\Documents\LPCXpresso_6.1.4_194\workspace\Lib_MCU\Debug\libLib_MCU.a(lpc17xx_uart.o)
 .debug_abbrev  0x0000163c      0x141 C:\Users\tbsou\Documents\LPCXpresso_6.1.4_194\workspace\FreeRTOS_Library\Debug\libFreeRTOS_Library.a(port.o)
 .debug_abbrev  0x0000177d       0x9b C:\Users\tbsou\Documents\LPCXpresso_6.1.4_194\workspace\FreeRTOS_Library\Debug\libFreeRTOS_Library.a(basic_io.o)
 .debug_abbrev  0x00001818       0x7b C:\Users\tbsou\Documents\LPCXpresso_6.1.4_194\workspace\FreeRTOS_Library\Debug\libFreeRTOS_Library.a(consoleprint.o)
 .debug_abbrev  0x00001893      0x1b3 C:\Users\tbsou\Documents\LPCXpresso_6.1.4_194\workspace\FreeRTOS_Library\Debug\libFreeRTOS_Library.a(queue.o)
 .debug_abbrev  0x00001a46      0x2b1 C:\Users\tbsou\Documents\LPCXpresso_6.1.4_194\workspace\FreeRTOS_Library\Debug\libFreeRTOS_Library.a(tasks.o)
 .debug_abbrev  0x00001cf7      0x19e C:\Users\tbsou\Documents\LPCXpresso_6.1.4_194\workspace\FreeRTOS_Library\Debug\libFreeRTOS_Library.a(heap_2.o)
 .debug_abbrev  0x00001e95       0xda C:\Users\tbsou\Documents\LPCXpresso_6.1.4_194\workspace\FreeRTOS_Library\Debug\libFreeRTOS_Library.a(list.o)

.debug_loc      0x00000000     0x3d75
 .debug_loc     0x00000000      0x1f0 ./cr_startup_lpc17.o
 .debug_loc     0x000001f0      0x438 ./main.o
 .debug_loc     0x00000628       0x58 C:\Users\tbsou\Documents\LPCXpresso_6.1.4_194\workspace\Lib_CMSISv1p30_LPC17xx\Debug\libLib_CMSISv1p30_LPC17xx.a(system_LPC17xx.o)
 .debug_loc     0x00000680       0x64 C:\Users\tbsou\Documents\LPCXpresso_6.1.4_194\workspace\Lib_EaBaseBoard\Debug\libLib_EaBaseBoard.a(led7seg.o)
 .debug_loc     0x000006e4      0x33e C:\Users\tbsou\Documents\LPCXpresso_6.1.4_194\workspace\Lib_EaBaseBoard\Debug\libLib_EaBaseBoard.a(oled.o)
 .debug_loc     0x00000a22       0x70 C:\Users\tbsou\Documents\LPCXpresso_6.1.4_194\workspace\Lib_EaBaseBoard\Debug\libLib_EaBaseBoard.a(temp.o)
 .debug_loc     0x00000a92      0x260 C:\Users\tbsou\Documents\LPCXpresso_6.1.4_194\workspace\Lib_EaBaseBoard\Debug\libLib_EaBaseBoard.a(uart2.o)
 .debug_loc     0x00000cf2      0x2d8 C:\Users\tbsou\Documents\LPCXpresso_6.1.4_194\workspace\Lib_MCU\Debug\libLib_MCU.a(lpc17xx_adc.o)
 .debug_loc     0x00000fca      0x1bc C:\Users\tbsou\Documents\LPCXpresso_6.1.4_194\workspace\Lib_MCU\Debug\libLib_MCU.a(lpc17xx_clkpwr.o)
 .debug_loc     0x00001186      0x4d0 C:\Users\tbsou\Documents\LPCXpresso_6.1.4_194\workspace\Lib_MCU\Debug\libLib_MCU.a(lpc17xx_gpio.o)
 .debug_loc     0x00001656      0x4e4 C:\Users\tbsou\Documents\LPCXpresso_6.1.4_194\workspace\Lib_MCU\Debug\libLib_MCU.a(lpc17xx_i2c.o)
 .debug_loc     0x00001b3a       0x38 C:\Users\tbsou\Documents\LPCXpresso_6.1.4_194\workspace\Lib_MCU\Debug\libLib_MCU.a(lpc17xx_libcfg_default.o)
 .debug_loc     0x00001b72      0x150 C:\Users\tbsou\Documents\LPCXpresso_6.1.4_194\workspace\Lib_MCU\Debug\libLib_MCU.a(lpc17xx_pinsel.o)
 .debug_loc     0x00001cc2      0x448 C:\Users\tbsou\Documents\LPCXpresso_6.1.4_194\workspace\Lib_MCU\Debug\libLib_MCU.a(lpc17xx_ssp.o)
 .debug_loc     0x0000210a      0x77a C:\Users\tbsou\Documents\LPCXpresso_6.1.4_194\workspace\Lib_MCU\Debug\libLib_MCU.a(lpc17xx_uart.o)
 .debug_loc     0x00002884       0x94 C:\Users\tbsou\Documents\LPCXpresso_6.1.4_194\workspace\FreeRTOS_Library\Debug\libFreeRTOS_Library.a(port.o)
 .debug_loc     0x00002918       0x9a C:\Users\tbsou\Documents\LPCXpresso_6.1.4_194\workspace\FreeRTOS_Library\Debug\libFreeRTOS_Library.a(basic_io.o)
 .debug_loc     0x000029b2       0x5c C:\Users\tbsou\Documents\LPCXpresso_6.1.4_194\workspace\FreeRTOS_Library\Debug\libFreeRTOS_Library.a(consoleprint.o)
 .debug_loc     0x00002a0e      0x68c C:\Users\tbsou\Documents\LPCXpresso_6.1.4_194\workspace\FreeRTOS_Library\Debug\libFreeRTOS_Library.a(queue.o)
 .debug_loc     0x0000309a      0xa90 C:\Users\tbsou\Documents\LPCXpresso_6.1.4_194\workspace\FreeRTOS_Library\Debug\libFreeRTOS_Library.a(tasks.o)
 .debug_loc     0x00003b2a      0x201 C:\Users\tbsou\Documents\LPCXpresso_6.1.4_194\workspace\FreeRTOS_Library\Debug\libFreeRTOS_Library.a(heap_2.o)
 .debug_loc     0x00003d2b       0x4a C:\Users\tbsou\Documents\LPCXpresso_6.1.4_194\workspace\FreeRTOS_Library\Debug\libFreeRTOS_Library.a(list.o)

.debug_aranges  0x00000000      0x850
 .debug_aranges
                0x00000000       0x70 ./cr_startup_lpc17.o
 .debug_aranges
                0x00000070       0xc0 ./main.o
 .debug_aranges
                0x00000130       0x28 C:\Users\tbsou\Documents\LPCXpresso_6.1.4_194\workspace\Lib_CMSISv1p30_LPC17xx\Debug\libLib_CMSISv1p30_LPC17xx.a(system_LPC17xx.o)
 .debug_aranges
                0x00000158       0x28 C:\Users\tbsou\Documents\LPCXpresso_6.1.4_194\workspace\Lib_EaBaseBoard\Debug\libLib_EaBaseBoard.a(led7seg.o)
 .debug_aranges
                0x00000180       0x90 C:\Users\tbsou\Documents\LPCXpresso_6.1.4_194\workspace\Lib_EaBaseBoard\Debug\libLib_EaBaseBoard.a(oled.o)
 .debug_aranges
                0x00000210       0x28 C:\Users\tbsou\Documents\LPCXpresso_6.1.4_194\workspace\Lib_EaBaseBoard\Debug\libLib_EaBaseBoard.a(temp.o)
 .debug_aranges
                0x00000238       0x70 C:\Users\tbsou\Documents\LPCXpresso_6.1.4_194\workspace\Lib_EaBaseBoard\Debug\libLib_EaBaseBoard.a(uart2.o)
 .debug_aranges
                0x000002a8       0x80 C:\Users\tbsou\Documents\LPCXpresso_6.1.4_194\workspace\Lib_MCU\Debug\libLib_MCU.a(lpc17xx_adc.o)
 .debug_aranges
                0x00000328       0x60 C:\Users\tbsou\Documents\LPCXpresso_6.1.4_194\workspace\Lib_MCU\Debug\libLib_MCU.a(lpc17xx_clkpwr.o)
 .debug_aranges
                0x00000388       0xc8 C:\Users\tbsou\Documents\LPCXpresso_6.1.4_194\workspace\Lib_MCU\Debug\libLib_MCU.a(lpc17xx_gpio.o)
 .debug_aranges
                0x00000450       0xd0 C:\Users\tbsou\Documents\LPCXpresso_6.1.4_194\workspace\Lib_MCU\Debug\libLib_MCU.a(lpc17xx_i2c.o)
 .debug_aranges
                0x00000520       0x20 C:\Users\tbsou\Documents\LPCXpresso_6.1.4_194\workspace\Lib_MCU\Debug\libLib_MCU.a(lpc17xx_libcfg_default.o)
 .debug_aranges
                0x00000540       0x48 C:\Users\tbsou\Documents\LPCXpresso_6.1.4_194\workspace\Lib_MCU\Debug\libLib_MCU.a(lpc17xx_pinsel.o)
 .debug_aranges
                0x00000588       0xb8 C:\Users\tbsou\Documents\LPCXpresso_6.1.4_194\workspace\Lib_MCU\Debug\libLib_MCU.a(lpc17xx_ssp.o)
 .debug_aranges
                0x00000640      0x130 C:\Users\tbsou\Documents\LPCXpresso_6.1.4_194\workspace\Lib_MCU\Debug\libLib_MCU.a(lpc17xx_uart.o)
 .debug_aranges
                0x00000770       0x20 C:\Users\tbsou\Documents\LPCXpresso_6.1.4_194\workspace\FreeRTOS_Library\Debug\libFreeRTOS_Library.a(port.o)
 .debug_aranges
                0x00000790       0x20 C:\Users\tbsou\Documents\LPCXpresso_6.1.4_194\workspace\FreeRTOS_Library\Debug\libFreeRTOS_Library.a(basic_io.o)
 .debug_aranges
                0x000007b0       0x20 C:\Users\tbsou\Documents\LPCXpresso_6.1.4_194\workspace\FreeRTOS_Library\Debug\libFreeRTOS_Library.a(consoleprint.o)
 .debug_aranges
                0x000007d0       0x20 C:\Users\tbsou\Documents\LPCXpresso_6.1.4_194\workspace\FreeRTOS_Library\Debug\libFreeRTOS_Library.a(queue.o)
 .debug_aranges
                0x000007f0       0x20 C:\Users\tbsou\Documents\LPCXpresso_6.1.4_194\workspace\FreeRTOS_Library\Debug\libFreeRTOS_Library.a(tasks.o)
 .debug_aranges
                0x00000810       0x20 C:\Users\tbsou\Documents\LPCXpresso_6.1.4_194\workspace\FreeRTOS_Library\Debug\libFreeRTOS_Library.a(heap_2.o)
 .debug_aranges
                0x00000830       0x20 C:\Users\tbsou\Documents\LPCXpresso_6.1.4_194\workspace\FreeRTOS_Library\Debug\libFreeRTOS_Library.a(list.o)

.debug_ranges   0x00000000      0x6f8
 .debug_ranges  0x00000000       0x60 ./cr_startup_lpc17.o
 .debug_ranges  0x00000060       0xb0 ./main.o
 .debug_ranges  0x00000110       0x18 C:\Users\tbsou\Documents\LPCXpresso_6.1.4_194\workspace\Lib_CMSISv1p30_LPC17xx\Debug\libLib_CMSISv1p30_LPC17xx.a(system_LPC17xx.o)
 .debug_ranges  0x00000128       0x18 C:\Users\tbsou\Documents\LPCXpresso_6.1.4_194\workspace\Lib_EaBaseBoard\Debug\libLib_EaBaseBoard.a(led7seg.o)
 .debug_ranges  0x00000140       0x80 C:\Users\tbsou\Documents\LPCXpresso_6.1.4_194\workspace\Lib_EaBaseBoard\Debug\libLib_EaBaseBoard.a(oled.o)
 .debug_ranges  0x000001c0       0x18 C:\Users\tbsou\Documents\LPCXpresso_6.1.4_194\workspace\Lib_EaBaseBoard\Debug\libLib_EaBaseBoard.a(temp.o)
 .debug_ranges  0x000001d8       0x60 C:\Users\tbsou\Documents\LPCXpresso_6.1.4_194\workspace\Lib_EaBaseBoard\Debug\libLib_EaBaseBoard.a(uart2.o)
 .debug_ranges  0x00000238       0x70 C:\Users\tbsou\Documents\LPCXpresso_6.1.4_194\workspace\Lib_MCU\Debug\libLib_MCU.a(lpc17xx_adc.o)
 .debug_ranges  0x000002a8       0x50 C:\Users\tbsou\Documents\LPCXpresso_6.1.4_194\workspace\Lib_MCU\Debug\libLib_MCU.a(lpc17xx_clkpwr.o)
 .debug_ranges  0x000002f8       0xb8 C:\Users\tbsou\Documents\LPCXpresso_6.1.4_194\workspace\Lib_MCU\Debug\libLib_MCU.a(lpc17xx_gpio.o)
 .debug_ranges  0x000003b0       0xc0 C:\Users\tbsou\Documents\LPCXpresso_6.1.4_194\workspace\Lib_MCU\Debug\libLib_MCU.a(lpc17xx_i2c.o)
 .debug_ranges  0x00000470       0x10 C:\Users\tbsou\Documents\LPCXpresso_6.1.4_194\workspace\Lib_MCU\Debug\libLib_MCU.a(lpc17xx_libcfg_default.o)
 .debug_ranges  0x00000480       0x38 C:\Users\tbsou\Documents\LPCXpresso_6.1.4_194\workspace\Lib_MCU\Debug\libLib_MCU.a(lpc17xx_pinsel.o)
 .debug_ranges  0x000004b8       0xa8 C:\Users\tbsou\Documents\LPCXpresso_6.1.4_194\workspace\Lib_MCU\Debug\libLib_MCU.a(lpc17xx_ssp.o)
 .debug_ranges  0x00000560      0x120 C:\Users\tbsou\Documents\LPCXpresso_6.1.4_194\workspace\Lib_MCU\Debug\libLib_MCU.a(lpc17xx_uart.o)
 .debug_ranges  0x00000680       0x78 C:\Users\tbsou\Documents\LPCXpresso_6.1.4_194\workspace\FreeRTOS_Library\Debug\libFreeRTOS_Library.a(tasks.o)

.debug_line     0x00000000     0x8280
 .debug_line    0x00000000      0x459 ./cr_startup_lpc17.o
 .debug_line    0x00000459      0x8ac ./main.o
 .debug_line    0x00000d05      0x412 C:\Users\tbsou\Documents\LPCXpresso_6.1.4_194\workspace\Lib_CMSISv1p30_LPC17xx\Debug\libLib_CMSISv1p30_LPC17xx.a(system_LPC17xx.o)
 .debug_line    0x00001117      0x47e C:\Users\tbsou\Documents\LPCXpresso_6.1.4_194\workspace\Lib_EaBaseBoard\Debug\libLib_EaBaseBoard.a(led7seg.o)
 .debug_line    0x00001595      0x788 C:\Users\tbsou\Documents\LPCXpresso_6.1.4_194\workspace\Lib_EaBaseBoard\Debug\libLib_EaBaseBoard.a(oled.o)
 .debug_line    0x00001d1d      0x47c C:\Users\tbsou\Documents\LPCXpresso_6.1.4_194\workspace\Lib_EaBaseBoard\Debug\libLib_EaBaseBoard.a(temp.o)
 .debug_line    0x00002199      0x5a1 C:\Users\tbsou\Documents\LPCXpresso_6.1.4_194\workspace\Lib_EaBaseBoard\Debug\libLib_EaBaseBoard.a(uart2.o)
 .debug_line    0x0000273a       0x8d C:\Users\tbsou\Documents\LPCXpresso_6.1.4_194\workspace\Lib_EaBaseBoard\Debug\libLib_EaBaseBoard.a(font5x7.o)
 .debug_line    0x000027c7      0x604 C:\Users\tbsou\Documents\LPCXpresso_6.1.4_194\workspace\Lib_MCU\Debug\libLib_MCU.a(lpc17xx_adc.o)
 .debug_line    0x00002dcb      0x4d4 C:\Users\tbsou\Documents\LPCXpresso_6.1.4_194\workspace\Lib_MCU\Debug\libLib_MCU.a(lpc17xx_clkpwr.o)
 .debug_line    0x0000329f      0x5f4 C:\Users\tbsou\Documents\LPCXpresso_6.1.4_194\workspace\Lib_MCU\Debug\libLib_MCU.a(lpc17xx_gpio.o)
 .debug_line    0x00003893      0x90f C:\Users\tbsou\Documents\LPCXpresso_6.1.4_194\workspace\Lib_MCU\Debug\libLib_MCU.a(lpc17xx_i2c.o)
 .debug_line    0x000041a2      0x389 C:\Users\tbsou\Documents\LPCXpresso_6.1.4_194\workspace\Lib_MCU\Debug\libLib_MCU.a(lpc17xx_libcfg_default.o)
 .debug_line    0x0000452b      0x473 C:\Users\tbsou\Documents\LPCXpresso_6.1.4_194\workspace\Lib_MCU\Debug\libLib_MCU.a(lpc17xx_pinsel.o)
 .debug_line    0x0000499e      0x842 C:\Users\tbsou\Documents\LPCXpresso_6.1.4_194\workspace\Lib_MCU\Debug\libLib_MCU.a(lpc17xx_ssp.o)
 .debug_line    0x000051e0      0xb8e C:\Users\tbsou\Documents\LPCXpresso_6.1.4_194\workspace\Lib_MCU\Debug\libLib_MCU.a(lpc17xx_uart.o)
 .debug_line    0x00005d6e      0x4f8 C:\Users\tbsou\Documents\LPCXpresso_6.1.4_194\workspace\FreeRTOS_Library\Debug\libFreeRTOS_Library.a(port.o)
 .debug_line    0x00006266      0x4f8 C:\Users\tbsou\Documents\LPCXpresso_6.1.4_194\workspace\FreeRTOS_Library\Debug\libFreeRTOS_Library.a(basic_io.o)
 .debug_line    0x0000675e      0x2d8 C:\Users\tbsou\Documents\LPCXpresso_6.1.4_194\workspace\FreeRTOS_Library\Debug\libFreeRTOS_Library.a(consoleprint.o)
 .debug_line    0x00006a36      0x60c C:\Users\tbsou\Documents\LPCXpresso_6.1.4_194\workspace\FreeRTOS_Library\Debug\libFreeRTOS_Library.a(queue.o)
 .debug_line    0x00007042      0x814 C:\Users\tbsou\Documents\LPCXpresso_6.1.4_194\workspace\FreeRTOS_Library\Debug\libFreeRTOS_Library.a(tasks.o)
 .debug_line    0x00007856      0x532 C:\Users\tbsou\Documents\LPCXpresso_6.1.4_194\workspace\FreeRTOS_Library\Debug\libFreeRTOS_Library.a(heap_2.o)
 .debug_line    0x00007d88      0x4f8 C:\Users\tbsou\Documents\LPCXpresso_6.1.4_194\workspace\FreeRTOS_Library\Debug\libFreeRTOS_Library.a(list.o)

.debug_macinfo  0x00000000    0xcb95f
 .debug_macinfo
                0x00000000     0x3d1a ./cr_startup_lpc17.o
 .debug_macinfo
                0x00003d1a     0xef93 ./main.o
 .debug_macinfo
                0x00012cad     0x83f8 C:\Users\tbsou\Documents\LPCXpresso_6.1.4_194\workspace\Lib_CMSISv1p30_LPC17xx\Debug\libLib_CMSISv1p30_LPC17xx.a(system_LPC17xx.o)
 .debug_macinfo
                0x0001b0a5     0x96a3 C:\Users\tbsou\Documents\LPCXpresso_6.1.4_194\workspace\Lib_EaBaseBoard\Debug\libLib_EaBaseBoard.a(led7seg.o)
 .debug_macinfo
                0x00024748     0xa143 C:\Users\tbsou\Documents\LPCXpresso_6.1.4_194\workspace\Lib_EaBaseBoard\Debug\libLib_EaBaseBoard.a(oled.o)
 .debug_macinfo
                0x0002e88b     0x85e6 C:\Users\tbsou\Documents\LPCXpresso_6.1.4_194\workspace\Lib_EaBaseBoard\Debug\libLib_EaBaseBoard.a(temp.o)
 .debug_macinfo
                0x00036e71     0xa836 C:\Users\tbsou\Documents\LPCXpresso_6.1.4_194\workspace\Lib_EaBaseBoard\Debug\libLib_EaBaseBoard.a(uart2.o)
 .debug_macinfo
                0x000416a7     0x332a C:\Users\tbsou\Documents\LPCXpresso_6.1.4_194\workspace\Lib_EaBaseBoard\Debug\libLib_EaBaseBoard.a(font5x7.o)
 .debug_macinfo
                0x000449d1     0xa02e C:\Users\tbsou\Documents\LPCXpresso_6.1.4_194\workspace\Lib_MCU\Debug\libLib_MCU.a(lpc17xx_adc.o)
 .debug_macinfo
                0x0004e9ff     0x95f9 C:\Users\tbsou\Documents\LPCXpresso_6.1.4_194\workspace\Lib_MCU\Debug\libLib_MCU.a(lpc17xx_clkpwr.o)
 .debug_macinfo
                0x00057ff8     0x86b8 C:\Users\tbsou\Documents\LPCXpresso_6.1.4_194\workspace\Lib_MCU\Debug\libLib_MCU.a(lpc17xx_gpio.o)
 .debug_macinfo
                0x000606b0     0xa5d8 C:\Users\tbsou\Documents\LPCXpresso_6.1.4_194\workspace\Lib_MCU\Debug\libLib_MCU.a(lpc17xx_i2c.o)
 .debug_macinfo
                0x0006ac88     0x400d C:\Users\tbsou\Documents\LPCXpresso_6.1.4_194\workspace\Lib_MCU\Debug\libLib_MCU.a(lpc17xx_libcfg_default.o)
 .debug_macinfo
                0x0006ec95     0x87d3 C:\Users\tbsou\Documents\LPCXpresso_6.1.4_194\workspace\Lib_MCU\Debug\libLib_MCU.a(lpc17xx_pinsel.o)
 .debug_macinfo
                0x00077468     0xa8d0 C:\Users\tbsou\Documents\LPCXpresso_6.1.4_194\workspace\Lib_MCU\Debug\libLib_MCU.a(lpc17xx_ssp.o)
 .debug_macinfo
                0x00081d38     0xb03f C:\Users\tbsou\Documents\LPCXpresso_6.1.4_194\workspace\Lib_MCU\Debug\libLib_MCU.a(lpc17xx_uart.o)
 .debug_macinfo
                0x0008cd77     0x9de1 C:\Users\tbsou\Documents\LPCXpresso_6.1.4_194\workspace\FreeRTOS_Library\Debug\libFreeRTOS_Library.a(port.o)
 .debug_macinfo
                0x00096b58     0x9e2d C:\Users\tbsou\Documents\LPCXpresso_6.1.4_194\workspace\FreeRTOS_Library\Debug\libFreeRTOS_Library.a(basic_io.o)
 .debug_macinfo
                0x000a0985     0x2b75 C:\Users\tbsou\Documents\LPCXpresso_6.1.4_194\workspace\FreeRTOS_Library\Debug\libFreeRTOS_Library.a(consoleprint.o)
 .debug_macinfo
                0x000a34fa     0xa4c3 C:\Users\tbsou\Documents\LPCXpresso_6.1.4_194\workspace\FreeRTOS_Library\Debug\libFreeRTOS_Library.a(queue.o)
 .debug_macinfo
                0x000ad9bd     0xa761 C:\Users\tbsou\Documents\LPCXpresso_6.1.4_194\workspace\FreeRTOS_Library\Debug\libFreeRTOS_Library.a(tasks.o)
 .debug_macinfo
                0x000b811e     0x9f77 C:\Users\tbsou\Documents\LPCXpresso_6.1.4_194\workspace\FreeRTOS_Library\Debug\libFreeRTOS_Library.a(heap_2.o)
 .debug_macinfo
                0x000c2095     0x98ca C:\Users\tbsou\Documents\LPCXpresso_6.1.4_194\workspace\FreeRTOS_Library\Debug\libFreeRTOS_Library.a(list.o)

.debug_str      0x00000000     0x356f
 .debug_str     0x00000000      0x1d6 ./cr_startup_lpc17.o
                                0x210 (size before relaxing)
 .debug_str     0x000001d6      0x913 ./main.o
                                0xa7b (size before relaxing)
 .debug_str     0x00000ae9      0x179 C:\Users\tbsou\Documents\LPCXpresso_6.1.4_194\workspace\Lib_CMSISv1p30_LPC17xx\Debug\libLib_CMSISv1p30_LPC17xx.a(system_LPC17xx.o)
                                0x2a7 (size before relaxing)
 .debug_str     0x00000c62      0x103 C:\Users\tbsou\Documents\LPCXpresso_6.1.4_194\workspace\Lib_EaBaseBoard\Debug\libLib_EaBaseBoard.a(led7seg.o)
                                0x20f (size before relaxing)
 .debug_str     0x00000d65      0x1b2 C:\Users\tbsou\Documents\LPCXpresso_6.1.4_194\workspace\Lib_EaBaseBoard\Debug\libLib_EaBaseBoard.a(oled.o)
                                0x3c0 (size before relaxing)
 .debug_str     0x00000f17       0x31 C:\Users\tbsou\Documents\LPCXpresso_6.1.4_194\workspace\Lib_EaBaseBoard\Debug\libLib_EaBaseBoard.a(temp.o)
                                0x177 (size before relaxing)
 .debug_str     0x00000f48      0x194 C:\Users\tbsou\Documents\LPCXpresso_6.1.4_194\workspace\Lib_EaBaseBoard\Debug\libLib_EaBaseBoard.a(uart2.o)
                                0x3a9 (size before relaxing)
 .debug_str     0x000010dc       0x11 C:\Users\tbsou\Documents\LPCXpresso_6.1.4_194\workspace\Lib_EaBaseBoard\Debug\libLib_EaBaseBoard.a(font5x7.o)
                                 0xcb (size before relaxing)
 .debug_str     0x000010ed      0x237 C:\Users\tbsou\Documents\LPCXpresso_6.1.4_194\workspace\Lib_MCU\Debug\libLib_MCU.a(lpc17xx_adc.o)
                                0x4dd (size before relaxing)
 .debug_str     0x00001324       0xcb C:\Users\tbsou\Documents\LPCXpresso_6.1.4_194\workspace\Lib_MCU\Debug\libLib_MCU.a(lpc17xx_clkpwr.o)
                                0x3ad (size before relaxing)
 .debug_str     0x000013ef      0x33e C:\Users\tbsou\Documents\LPCXpresso_6.1.4_194\workspace\Lib_MCU\Debug\libLib_MCU.a(lpc17xx_gpio.o)
                                0x47c (size before relaxing)
 .debug_str     0x0000172d      0x305 C:\Users\tbsou\Documents\LPCXpresso_6.1.4_194\workspace\Lib_MCU\Debug\libLib_MCU.a(lpc17xx_i2c.o)
                                0x812 (size before relaxing)
 .debug_str     0x00001a32       0x32 C:\Users\tbsou\Documents\LPCXpresso_6.1.4_194\workspace\Lib_MCU\Debug\libLib_MCU.a(lpc17xx_libcfg_default.o)
                                0x155 (size before relaxing)
 .debug_str     0x00001a64      0x214 C:\Users\tbsou\Documents\LPCXpresso_6.1.4_194\workspace\Lib_MCU\Debug\libLib_MCU.a(lpc17xx_pinsel.o)
                                0x3b1 (size before relaxing)
 .debug_str     0x00001c78      0x1f8 C:\Users\tbsou\Documents\LPCXpresso_6.1.4_194\workspace\Lib_MCU\Debug\libLib_MCU.a(lpc17xx_ssp.o)
                                0x48f (size before relaxing)
 .debug_str     0x00001e70      0x930 C:\Users\tbsou\Documents\LPCXpresso_6.1.4_194\workspace\Lib_MCU\Debug\libLib_MCU.a(lpc17xx_uart.o)
                                0xc65 (size before relaxing)
 .debug_str     0x000027a0      0x182 C:\Users\tbsou\Documents\LPCXpresso_6.1.4_194\workspace\FreeRTOS_Library\Debug\libFreeRTOS_Library.a(port.o)
                                0x27d (size before relaxing)
 .debug_str     0x00002922       0x54 C:\Users\tbsou\Documents\LPCXpresso_6.1.4_194\workspace\FreeRTOS_Library\Debug\libFreeRTOS_Library.a(basic_io.o)
                                0x189 (size before relaxing)
 .debug_str     0x00002976       0x37 C:\Users\tbsou\Documents\LPCXpresso_6.1.4_194\workspace\FreeRTOS_Library\Debug\libFreeRTOS_Library.a(consoleprint.o)
                                0x111 (size before relaxing)
 .debug_str     0x000029ad      0x3ca C:\Users\tbsou\Documents\LPCXpresso_6.1.4_194\workspace\FreeRTOS_Library\Debug\libFreeRTOS_Library.a(queue.o)
                                0x538 (size before relaxing)
 .debug_str     0x00002d77      0x616 C:\Users\tbsou\Documents\LPCXpresso_6.1.4_194\workspace\FreeRTOS_Library\Debug\libFreeRTOS_Library.a(tasks.o)
                                0x8d1 (size before relaxing)
 .debug_str     0x0000338d      0x150 C:\Users\tbsou\Documents\LPCXpresso_6.1.4_194\workspace\FreeRTOS_Library\Debug\libFreeRTOS_Library.a(heap_2.o)
                                0x2a4 (size before relaxing)
 .debug_str     0x000034dd       0x92 C:\Users\tbsou\Documents\LPCXpresso_6.1.4_194\workspace\FreeRTOS_Library\Debug\libFreeRTOS_Library.a(list.o)
                                0x26b (size before relaxing)

.comment        0x00000000       0xe0
 .comment       0x00000000       0x70 ./cr_startup_lpc17.o
                                 0x71 (size before relaxing)
 .comment       0x00000000       0x71 ./main.o
 .comment       0x00000000       0x71 C:\Users\tbsou\Documents\LPCXpresso_6.1.4_194\workspace\Lib_CMSISv1p30_LPC17xx\Debug\libLib_CMSISv1p30_LPC17xx.a(system_LPC17xx.o)
 .comment       0x00000000       0x71 C:\Users\tbsou\Documents\LPCXpresso_6.1.4_194\workspace\Lib_EaBaseBoard\Debug\libLib_EaBaseBoard.a(led7seg.o)
 .comment       0x00000000       0x71 C:\Users\tbsou\Documents\LPCXpresso_6.1.4_194\workspace\Lib_EaBaseBoard\Debug\libLib_EaBaseBoard.a(oled.o)
 .comment       0x00000000       0x71 C:\Users\tbsou\Documents\LPCXpresso_6.1.4_194\workspace\Lib_EaBaseBoard\Debug\libLib_EaBaseBoard.a(temp.o)
 .comment       0x00000000       0x71 C:\Users\tbsou\Documents\LPCXpresso_6.1.4_194\workspace\Lib_EaBaseBoard\Debug\libLib_EaBaseBoard.a(uart2.o)
 .comment       0x00000000       0x71 C:\Users\tbsou\Documents\LPCXpresso_6.1.4_194\workspace\Lib_EaBaseBoard\Debug\libLib_EaBaseBoard.a(font5x7.o)
 .comment       0x00000000       0x71 C:\Users\tbsou\Documents\LPCXpresso_6.1.4_194\workspace\Lib_MCU\Debug\libLib_MCU.a(lpc17xx_adc.o)
 .comment       0x00000000       0x71 C:\Users\tbsou\Documents\LPCXpresso_6.1.4_194\workspace\Lib_MCU\Debug\libLib_MCU.a(lpc17xx_clkpwr.o)
 .comment       0x00000000       0x71 C:\Users\tbsou\Documents\LPCXpresso_6.1.4_194\workspace\Lib_MCU\Debug\libLib_MCU.a(lpc17xx_gpio.o)
 .comment       0x00000000       0x71 C:\Users\tbsou\Documents\LPCXpresso_6.1.4_194\workspace\Lib_MCU\Debug\libLib_MCU.a(lpc17xx_i2c.o)
 .comment       0x00000000       0x71 C:\Users\tbsou\Documents\LPCXpresso_6.1.4_194\workspace\Lib_MCU\Debug\libLib_MCU.a(lpc17xx_libcfg_default.o)
 .comment       0x00000000       0x71 C:\Users\tbsou\Documents\LPCXpresso_6.1.4_194\workspace\Lib_MCU\Debug\libLib_MCU.a(lpc17xx_pinsel.o)
 .comment       0x00000000       0x71 C:\Users\tbsou\Documents\LPCXpresso_6.1.4_194\workspace\Lib_MCU\Debug\libLib_MCU.a(lpc17xx_ssp.o)
 .comment       0x00000000       0x71 C:\Users\tbsou\Documents\LPCXpresso_6.1.4_194\workspace\Lib_MCU\Debug\libLib_MCU.a(lpc17xx_uart.o)
 .comment       0x00000000       0x71 C:\Users\tbsou\Documents\LPCXpresso_6.1.4_194\workspace\FreeRTOS_Library\Debug\libFreeRTOS_Library.a(port.o)
 .comment       0x00000000       0x71 C:\Users\tbsou\Documents\LPCXpresso_6.1.4_194\workspace\FreeRTOS_Library\Debug\libFreeRTOS_Library.a(basic_io.o)
 .comment       0x00000000       0x71 C:\Users\tbsou\Documents\LPCXpresso_6.1.4_194\workspace\FreeRTOS_Library\Debug\libFreeRTOS_Library.a(consoleprint.o)
 .comment       0x00000000       0x71 C:\Users\tbsou\Documents\LPCXpresso_6.1.4_194\workspace\FreeRTOS_Library\Debug\libFreeRTOS_Library.a(queue.o)
 .comment       0x00000000       0x71 C:\Users\tbsou\Documents\LPCXpresso_6.1.4_194\workspace\FreeRTOS_Library\Debug\libFreeRTOS_Library.a(tasks.o)
 .comment       0x00000000       0x71 C:\Users\tbsou\Documents\LPCXpresso_6.1.4_194\workspace\FreeRTOS_Library\Debug\libFreeRTOS_Library.a(heap_2.o)
 .comment       0x00000000       0x71 C:\Users\tbsou\Documents\LPCXpresso_6.1.4_194\workspace\FreeRTOS_Library\Debug\libFreeRTOS_Library.a(list.o)
 .comment       0x00000070       0x70 c:/nxp/lpcxpresso_6.1.4_194/lpcxpresso/tools/bin/../lib/gcc/arm-none-eabi/4.6.2/../../../../arm-none-eabi/lib/armv7-m\libcr_semihost.a(_cr__main.o)
                                 0x71 (size before relaxing)
 .comment       0x00000000       0x71 c:/nxp/lpcxpresso_6.1.4_194/lpcxpresso/tools/bin/../lib/gcc/arm-none-eabi/4.6.2/../../../../arm-none-eabi/lib/armv7-m\libcr_c.a(memcpy.o)
 .comment       0x00000000       0x71 c:/nxp/lpcxpresso_6.1.4_194/lpcxpresso/tools/bin/../lib/gcc/arm-none-eabi/4.6.2/../../../../arm-none-eabi/lib/armv7-m\libcr_c.a(memset.o)
 .comment       0x00000000       0x71 c:/nxp/lpcxpresso_6.1.4_194/lpcxpresso/tools/bin/../lib/gcc/arm-none-eabi/4.6.2/../../../../arm-none-eabi/lib/armv7-m\libcr_c.a(fpprintf.o)
 .comment       0x00000000       0x71 c:/nxp/lpcxpresso_6.1.4_194/lpcxpresso/tools/bin/../lib/gcc/arm-none-eabi/4.6.2/../../../../arm-none-eabi/lib/armv7-m\libcr_c.a(initio.o)
 .comment       0x00000000       0x71 c:/nxp/lpcxpresso_6.1.4_194/lpcxpresso/tools/bin/../lib/gcc/arm-none-eabi/4.6.2/../../../../arm-none-eabi/lib/armv7-m\libcr_c.a(memcmp.o)
 .comment       0x00000000       0x71 c:/nxp/lpcxpresso_6.1.4_194/lpcxpresso/tools/bin/../lib/gcc/arm-none-eabi/4.6.2/../../../../arm-none-eabi/lib/armv7-m\libcr_c.a(printf.o)
 .comment       0x00000000       0x71 c:/nxp/lpcxpresso_6.1.4_194/lpcxpresso/tools/bin/../lib/gcc/arm-none-eabi/4.6.2/../../../../arm-none-eabi/lib/armv7-m\libcr_c.a(setvbuf.o)
 .comment       0x00000000       0x71 c:/nxp/lpcxpresso_6.1.4_194/lpcxpresso/tools/bin/../lib/gcc/arm-none-eabi/4.6.2/../../../../arm-none-eabi/lib/armv7-m\libcr_c.a(stdio.o)
 .comment       0x00000000       0x71 c:/nxp/lpcxpresso_6.1.4_194/lpcxpresso/tools/bin/../lib/gcc/arm-none-eabi/4.6.2/../../../../arm-none-eabi/lib/armv7-m\libcr_c.a(strcpy.o)
 .comment       0x00000000       0x71 c:/nxp/lpcxpresso_6.1.4_194/lpcxpresso/tools/bin/../lib/gcc/arm-none-eabi/4.6.2/../../../../arm-none-eabi/lib/armv7-m\libcr_c.a(strlen.o)
 .comment       0x00000000       0x71 c:/nxp/lpcxpresso_6.1.4_194/lpcxpresso/tools/bin/../lib/gcc/arm-none-eabi/4.6.2/../../../../arm-none-eabi/lib/armv7-m\libcr_c.a(strncpy.o)
 .comment       0x00000000       0x71 c:/nxp/lpcxpresso_6.1.4_194/lpcxpresso/tools/bin/../lib/gcc/arm-none-eabi/4.6.2/../../../../arm-none-eabi/lib/armv7-m\libcr_c.a(__fillbuf.o)
 .comment       0x00000000       0x71 c:/nxp/lpcxpresso_6.1.4_194/lpcxpresso/tools/bin/../lib/gcc/arm-none-eabi/4.6.2/../../../../arm-none-eabi/lib/armv7-m\libcr_c.a(_deferredlazyseek.o)
 .comment       0x00000000       0x71 c:/nxp/lpcxpresso_6.1.4_194/lpcxpresso/tools/bin/../lib/gcc/arm-none-eabi/4.6.2/../../../../arm-none-eabi/lib/armv7-m\libcr_c.a(_fdopen.o)
 .comment       0x00000000       0x71 c:/nxp/lpcxpresso_6.1.4_194/lpcxpresso/tools/bin/../lib/gcc/arm-none-eabi/4.6.2/../../../../arm-none-eabi/lib/armv7-m\libcr_c.a(_fflush.o)
 .comment       0x00000000       0x71 c:/nxp/lpcxpresso_6.1.4_194/lpcxpresso/tools/bin/../lib/gcc/arm-none-eabi/4.6.2/../../../../arm-none-eabi/lib/armv7-m\libcr_c.a(_frexpl.o)
 .comment       0x00000000       0x71 c:/nxp/lpcxpresso_6.1.4_194/lpcxpresso/tools/bin/../lib/gcc/arm-none-eabi/4.6.2/../../../../arm-none-eabi/lib/armv7-m\libcr_c.a(_ldexpl.o)
 .comment       0x00000000       0x71 c:/nxp/lpcxpresso_6.1.4_194/lpcxpresso/tools/bin/../lib/gcc/arm-none-eabi/4.6.2/../../../../arm-none-eabi/lib/armv7-m\libcr_c.a(_writebuf.o)
 .comment       0x00000000       0x71 c:/nxp/lpcxpresso_6.1.4_194/lpcxpresso/tools/bin/../lib/gcc/arm-none-eabi/4.6.2/../../../../arm-none-eabi/lib/armv7-m\libcr_c.a(alloc.o)
 .comment       0x00000000       0x71 c:/nxp/lpcxpresso_6.1.4_194/lpcxpresso/tools/bin/../lib/gcc/arm-none-eabi/4.6.2/../../../../arm-none-eabi/lib/armv7-m\libcr_c.a(errno.o)
 .comment       0x00000000       0x71 c:/nxp/lpcxpresso_6.1.4_194/lpcxpresso/tools/bin/../lib/gcc/arm-none-eabi/4.6.2/../../../../arm-none-eabi/lib/armv7-m\libcr_c.a(fclose.o)
 .comment       0x00000000       0x71 c:/nxp/lpcxpresso_6.1.4_194/lpcxpresso/tools/bin/../lib/gcc/arm-none-eabi/4.6.2/../../../../arm-none-eabi/lib/armv7-m\libcr_c.a(fflush.o)
 .comment       0x00000000       0x71 c:/nxp/lpcxpresso_6.1.4_194/lpcxpresso/tools/bin/../lib/gcc/arm-none-eabi/4.6.2/../../../../arm-none-eabi/lib/armv7-m\libcr_c.a(fseek.o)
 .comment       0x00000000       0x71 c:/nxp/lpcxpresso_6.1.4_194/lpcxpresso/tools/bin/../lib/gcc/arm-none-eabi/4.6.2/../../../../arm-none-eabi/lib/armv7-m\libcr_c.a(ftell.o)
 .comment       0x00000000       0x71 c:/nxp/lpcxpresso_6.1.4_194/lpcxpresso/tools/bin/../lib/gcc/arm-none-eabi/4.6.2/../../../../arm-none-eabi/lib/armv7-m\libcr_c.a(remove.o)
 .comment       0x00000000       0x71 c:/nxp/lpcxpresso_6.1.4_194/lpcxpresso/tools/bin/../lib/gcc/arm-none-eabi/4.6.2/../../../../arm-none-eabi/lib/armv7-m\libcr_c.a(__init_alloc.o)
 .comment       0x00000000       0x71 c:/nxp/lpcxpresso_6.1.4_194/lpcxpresso/tools/bin/../lib/gcc/arm-none-eabi/4.6.2/../../../../arm-none-eabi/lib/armv7-m\libcr_c.a(_do_fflush.o)
 .comment       0x00000000       0x71 c:/nxp/lpcxpresso_6.1.4_194/lpcxpresso/tools/bin/../lib/gcc/arm-none-eabi/4.6.2/../../../../arm-none-eabi/lib/armv7-m\libcr_c.a(_hugeval.o)
 .comment       0x00000000       0x71 c:/nxp/lpcxpresso_6.1.4_194/lpcxpresso/tools/bin/../lib/gcc/arm-none-eabi/4.6.2/armv7-m\libcr_eabihelpers.a(double.o)
 .comment       0x00000000       0x71 c:/nxp/lpcxpresso_6.1.4_194/lpcxpresso/tools/bin/../lib/gcc/arm-none-eabi/4.6.2/../../../../arm-none-eabi/lib/armv7-m\libcr_semihost.a(_cr_sbrk.o)
 .comment       0x00000000       0x71 c:/nxp/lpcxpresso_6.1.4_194/lpcxpresso/tools/bin/../lib/gcc/arm-none-eabi/4.6.2/../../../../arm-none-eabi/lib/armv7-m\libcr_semihost.a(_cr_check_heap.o)

.ARM.attributes
                0x00000000       0x31
 .ARM.attributes
                0x00000000       0x33 ./cr_startup_lpc17.o
 .ARM.attributes
                0x00000033       0x33 ./main.o
 .ARM.attributes
                0x00000066       0x33 C:\Users\tbsou\Documents\LPCXpresso_6.1.4_194\workspace\Lib_CMSISv1p30_LPC17xx\Debug\libLib_CMSISv1p30_LPC17xx.a(system_LPC17xx.o)
 .ARM.attributes
                0x00000099       0x33 C:\Users\tbsou\Documents\LPCXpresso_6.1.4_194\workspace\Lib_EaBaseBoard\Debug\libLib_EaBaseBoard.a(led7seg.o)
 .ARM.attributes
                0x000000cc       0x33 C:\Users\tbsou\Documents\LPCXpresso_6.1.4_194\workspace\Lib_EaBaseBoard\Debug\libLib_EaBaseBoard.a(oled.o)
 .ARM.attributes
                0x000000ff       0x33 C:\Users\tbsou\Documents\LPCXpresso_6.1.4_194\workspace\Lib_EaBaseBoard\Debug\libLib_EaBaseBoard.a(temp.o)
 .ARM.attributes
                0x00000132       0x33 C:\Users\tbsou\Documents\LPCXpresso_6.1.4_194\workspace\Lib_EaBaseBoard\Debug\libLib_EaBaseBoard.a(uart2.o)
 .ARM.attributes
                0x00000165       0x33 C:\Users\tbsou\Documents\LPCXpresso_6.1.4_194\workspace\Lib_EaBaseBoard\Debug\libLib_EaBaseBoard.a(font5x7.o)
 .ARM.attributes
                0x00000198       0x33 C:\Users\tbsou\Documents\LPCXpresso_6.1.4_194\workspace\Lib_MCU\Debug\libLib_MCU.a(lpc17xx_adc.o)
 .ARM.attributes
                0x000001cb       0x33 C:\Users\tbsou\Documents\LPCXpresso_6.1.4_194\workspace\Lib_MCU\Debug\libLib_MCU.a(lpc17xx_clkpwr.o)
 .ARM.attributes
                0x000001fe       0x33 C:\Users\tbsou\Documents\LPCXpresso_6.1.4_194\workspace\Lib_MCU\Debug\libLib_MCU.a(lpc17xx_gpio.o)
 .ARM.attributes
                0x00000231       0x33 C:\Users\tbsou\Documents\LPCXpresso_6.1.4_194\workspace\Lib_MCU\Debug\libLib_MCU.a(lpc17xx_i2c.o)
 .ARM.attributes
                0x00000264       0x33 C:\Users\tbsou\Documents\LPCXpresso_6.1.4_194\workspace\Lib_MCU\Debug\libLib_MCU.a(lpc17xx_libcfg_default.o)
 .ARM.attributes
                0x00000297       0x33 C:\Users\tbsou\Documents\LPCXpresso_6.1.4_194\workspace\Lib_MCU\Debug\libLib_MCU.a(lpc17xx_pinsel.o)
 .ARM.attributes
                0x000002ca       0x33 C:\Users\tbsou\Documents\LPCXpresso_6.1.4_194\workspace\Lib_MCU\Debug\libLib_MCU.a(lpc17xx_ssp.o)
 .ARM.attributes
                0x000002fd       0x33 C:\Users\tbsou\Documents\LPCXpresso_6.1.4_194\workspace\Lib_MCU\Debug\libLib_MCU.a(lpc17xx_uart.o)
 .ARM.attributes
                0x00000330       0x33 C:\Users\tbsou\Documents\LPCXpresso_6.1.4_194\workspace\FreeRTOS_Library\Debug\libFreeRTOS_Library.a(port.o)
 .ARM.attributes
                0x00000363       0x33 C:\Users\tbsou\Documents\LPCXpresso_6.1.4_194\workspace\FreeRTOS_Library\Debug\libFreeRTOS_Library.a(basic_io.o)
 .ARM.attributes
                0x00000396       0x33 C:\Users\tbsou\Documents\LPCXpresso_6.1.4_194\workspace\FreeRTOS_Library\Debug\libFreeRTOS_Library.a(consoleprint.o)
 .ARM.attributes
                0x000003c9       0x33 C:\Users\tbsou\Documents\LPCXpresso_6.1.4_194\workspace\FreeRTOS_Library\Debug\libFreeRTOS_Library.a(queue.o)
 .ARM.attributes
                0x000003fc       0x33 C:\Users\tbsou\Documents\LPCXpresso_6.1.4_194\workspace\FreeRTOS_Library\Debug\libFreeRTOS_Library.a(tasks.o)
 .ARM.attributes
                0x0000042f       0x33 C:\Users\tbsou\Documents\LPCXpresso_6.1.4_194\workspace\FreeRTOS_Library\Debug\libFreeRTOS_Library.a(heap_2.o)
 .ARM.attributes
                0x00000462       0x33 C:\Users\tbsou\Documents\LPCXpresso_6.1.4_194\workspace\FreeRTOS_Library\Debug\libFreeRTOS_Library.a(list.o)
 .ARM.attributes
                0x00000495       0x21 c:/nxp/lpcxpresso_6.1.4_194/lpcxpresso/tools/bin/../lib/gcc/arm-none-eabi/4.6.2/../../../../arm-none-eabi/lib/armv7-m\libcr_semihost.a(__sys_write.o)
 .ARM.attributes
                0x000004b6       0x33 c:/nxp/lpcxpresso_6.1.4_194/lpcxpresso/tools/bin/../lib/gcc/arm-none-eabi/4.6.2/../../../../arm-none-eabi/lib/armv7-m\libcr_semihost.a(_cr__main.o)
 .ARM.attributes
                0x000004e9       0x33 c:/nxp/lpcxpresso_6.1.4_194/lpcxpresso/tools/bin/../lib/gcc/arm-none-eabi/4.6.2/../../../../arm-none-eabi/lib/armv7-m\libcr_c.a(memcpy.o)
 .ARM.attributes
                0x0000051c       0x33 c:/nxp/lpcxpresso_6.1.4_194/lpcxpresso/tools/bin/../lib/gcc/arm-none-eabi/4.6.2/../../../../arm-none-eabi/lib/armv7-m\libcr_c.a(memset.o)
 .ARM.attributes
                0x0000054f       0x33 c:/nxp/lpcxpresso_6.1.4_194/lpcxpresso/tools/bin/../lib/gcc/arm-none-eabi/4.6.2/../../../../arm-none-eabi/lib/armv7-m\libcr_c.a(fpprintf.o)
 .ARM.attributes
                0x00000582       0x33 c:/nxp/lpcxpresso_6.1.4_194/lpcxpresso/tools/bin/../lib/gcc/arm-none-eabi/4.6.2/../../../../arm-none-eabi/lib/armv7-m\libcr_c.a(initio.o)
 .ARM.attributes
                0x000005b5       0x33 c:/nxp/lpcxpresso_6.1.4_194/lpcxpresso/tools/bin/../lib/gcc/arm-none-eabi/4.6.2/../../../../arm-none-eabi/lib/armv7-m\libcr_c.a(memcmp.o)
 .ARM.attributes
                0x000005e8       0x33 c:/nxp/lpcxpresso_6.1.4_194/lpcxpresso/tools/bin/../lib/gcc/arm-none-eabi/4.6.2/../../../../arm-none-eabi/lib/armv7-m\libcr_c.a(printf.o)
 .ARM.attributes
                0x0000061b       0x33 c:/nxp/lpcxpresso_6.1.4_194/lpcxpresso/tools/bin/../lib/gcc/arm-none-eabi/4.6.2/../../../../arm-none-eabi/lib/armv7-m\libcr_c.a(setvbuf.o)
 .ARM.attributes
                0x0000064e       0x33 c:/nxp/lpcxpresso_6.1.4_194/lpcxpresso/tools/bin/../lib/gcc/arm-none-eabi/4.6.2/../../../../arm-none-eabi/lib/armv7-m\libcr_c.a(stdio.o)
 .ARM.attributes
                0x00000681       0x33 c:/nxp/lpcxpresso_6.1.4_194/lpcxpresso/tools/bin/../lib/gcc/arm-none-eabi/4.6.2/../../../../arm-none-eabi/lib/armv7-m\libcr_c.a(strcpy.o)
 .ARM.attributes
                0x000006b4       0x33 c:/nxp/lpcxpresso_6.1.4_194/lpcxpresso/tools/bin/../lib/gcc/arm-none-eabi/4.6.2/../../../../arm-none-eabi/lib/armv7-m\libcr_c.a(strlen.o)
 .ARM.attributes
                0x000006e7       0x33 c:/nxp/lpcxpresso_6.1.4_194/lpcxpresso/tools/bin/../lib/gcc/arm-none-eabi/4.6.2/../../../../arm-none-eabi/lib/armv7-m\libcr_c.a(strncpy.o)
 .ARM.attributes
                0x0000071a       0x33 c:/nxp/lpcxpresso_6.1.4_194/lpcxpresso/tools/bin/../lib/gcc/arm-none-eabi/4.6.2/../../../../arm-none-eabi/lib/armv7-m\libcr_c.a(__fillbuf.o)
 .ARM.attributes
                0x0000074d       0x33 c:/nxp/lpcxpresso_6.1.4_194/lpcxpresso/tools/bin/../lib/gcc/arm-none-eabi/4.6.2/../../../../arm-none-eabi/lib/armv7-m\libcr_c.a(_deferredlazyseek.o)
 .ARM.attributes
                0x00000780       0x33 c:/nxp/lpcxpresso_6.1.4_194/lpcxpresso/tools/bin/../lib/gcc/arm-none-eabi/4.6.2/../../../../arm-none-eabi/lib/armv7-m\libcr_c.a(_fdopen.o)
 .ARM.attributes
                0x000007b3       0x33 c:/nxp/lpcxpresso_6.1.4_194/lpcxpresso/tools/bin/../lib/gcc/arm-none-eabi/4.6.2/../../../../arm-none-eabi/lib/armv7-m\libcr_c.a(_fflush.o)
 .ARM.attributes
                0x000007e6       0x33 c:/nxp/lpcxpresso_6.1.4_194/lpcxpresso/tools/bin/../lib/gcc/arm-none-eabi/4.6.2/../../../../arm-none-eabi/lib/armv7-m\libcr_c.a(_frexpl.o)
 .ARM.attributes
                0x00000819       0x33 c:/nxp/lpcxpresso_6.1.4_194/lpcxpresso/tools/bin/../lib/gcc/arm-none-eabi/4.6.2/../../../../arm-none-eabi/lib/armv7-m\libcr_c.a(_ldexpl.o)
 .ARM.attributes
                0x0000084c       0x33 c:/nxp/lpcxpresso_6.1.4_194/lpcxpresso/tools/bin/../lib/gcc/arm-none-eabi/4.6.2/../../../../arm-none-eabi/lib/armv7-m\libcr_c.a(_writebuf.o)
 .ARM.attributes
                0x0000087f       0x33 c:/nxp/lpcxpresso_6.1.4_194/lpcxpresso/tools/bin/../lib/gcc/arm-none-eabi/4.6.2/../../../../arm-none-eabi/lib/armv7-m\libcr_c.a(alloc.o)
 .ARM.attributes
                0x000008b2       0x33 c:/nxp/lpcxpresso_6.1.4_194/lpcxpresso/tools/bin/../lib/gcc/arm-none-eabi/4.6.2/../../../../arm-none-eabi/lib/armv7-m\libcr_c.a(errno.o)
 .ARM.attributes
                0x000008e5       0x33 c:/nxp/lpcxpresso_6.1.4_194/lpcxpresso/tools/bin/../lib/gcc/arm-none-eabi/4.6.2/../../../../arm-none-eabi/lib/armv7-m\libcr_c.a(fclose.o)
 .ARM.attributes
                0x00000918       0x33 c:/nxp/lpcxpresso_6.1.4_194/lpcxpresso/tools/bin/../lib/gcc/arm-none-eabi/4.6.2/../../../../arm-none-eabi/lib/armv7-m\libcr_c.a(fflush.o)
 .ARM.attributes
                0x0000094b       0x33 c:/nxp/lpcxpresso_6.1.4_194/lpcxpresso/tools/bin/../lib/gcc/arm-none-eabi/4.6.2/../../../../arm-none-eabi/lib/armv7-m\libcr_c.a(fseek.o)
 .ARM.attributes
                0x0000097e       0x33 c:/nxp/lpcxpresso_6.1.4_194/lpcxpresso/tools/bin/../lib/gcc/arm-none-eabi/4.6.2/../../../../arm-none-eabi/lib/armv7-m\libcr_c.a(ftell.o)
 .ARM.attributes
                0x000009b1       0x33 c:/nxp/lpcxpresso_6.1.4_194/lpcxpresso/tools/bin/../lib/gcc/arm-none-eabi/4.6.2/../../../../arm-none-eabi/lib/armv7-m\libcr_c.a(remove.o)
 .ARM.attributes
                0x000009e4       0x33 c:/nxp/lpcxpresso_6.1.4_194/lpcxpresso/tools/bin/../lib/gcc/arm-none-eabi/4.6.2/../../../../arm-none-eabi/lib/armv7-m\libcr_c.a(__init_alloc.o)
 .ARM.attributes
                0x00000a17       0x33 c:/nxp/lpcxpresso_6.1.4_194/lpcxpresso/tools/bin/../lib/gcc/arm-none-eabi/4.6.2/../../../../arm-none-eabi/lib/armv7-m\libcr_c.a(_do_fflush.o)
 .ARM.attributes
                0x00000a4a       0x33 c:/nxp/lpcxpresso_6.1.4_194/lpcxpresso/tools/bin/../lib/gcc/arm-none-eabi/4.6.2/../../../../arm-none-eabi/lib/armv7-m\libcr_c.a(_hugeval.o)
 .ARM.attributes
                0x00000a7d       0x21 c:/nxp/lpcxpresso_6.1.4_194/lpcxpresso/tools/bin/../lib/gcc/arm-none-eabi/4.6.2/armv7-m\libcr_eabihelpers.a(division.o)
 .ARM.attributes
                0x00000a9e       0x33 c:/nxp/lpcxpresso_6.1.4_194/lpcxpresso/tools/bin/../lib/gcc/arm-none-eabi/4.6.2/armv7-m\libcr_eabihelpers.a(double.o)
 .ARM.attributes
                0x00000ad1       0x21 c:/nxp/lpcxpresso_6.1.4_194/lpcxpresso/tools/bin/../lib/gcc/arm-none-eabi/4.6.2/armv7-m\libcr_eabihelpers.a(memcpy.o)
 .ARM.attributes
                0x00000af2       0x21 c:/nxp/lpcxpresso_6.1.4_194/lpcxpresso/tools/bin/../lib/gcc/arm-none-eabi/4.6.2/../../../../arm-none-eabi/lib/armv7-m\libcr_semihost.a(__sys_appexit.o)
 .ARM.attributes
                0x00000b13       0x21 c:/nxp/lpcxpresso_6.1.4_194/lpcxpresso/tools/bin/../lib/gcc/arm-none-eabi/4.6.2/../../../../arm-none-eabi/lib/armv7-m\libcr_semihost.a(__sys_close.o)
 .ARM.attributes